Archive member included to satisfy reference by file (symbol)

c:/vsarm/armcc/102021~1.10/bin/../lib/gcc/arm-none-eabi/10.3.1/thumb/v6-m/nofp\libgcc.a(_dvmd_tls.o)
                              CMakeFiles/blink.dir/C_/VSARM/sdk/pico/pico-sdk/src/rp2_common/pico_divider/divider_hardware.S.obj (__aeabi_idiv0)
c:/vsarm/armcc/102021~1.10/bin/../lib/gcc/arm-none-eabi/10.3.1/../../../../arm-none-eabi/lib/thumb/v6-m/nofp\libg.a(lib_a-calloc.o)
                              CMakeFiles/blink.dir/C_/VSARM/sdk/pico/pico-sdk/src/rp2_common/pico_malloc/malloc.c.obj (calloc)
c:/vsarm/armcc/102021~1.10/bin/../lib/gcc/arm-none-eabi/10.3.1/../../../../arm-none-eabi/lib/thumb/v6-m/nofp\libg.a(lib_a-callocr.o)
                              c:/vsarm/armcc/102021~1.10/bin/../lib/gcc/arm-none-eabi/10.3.1/../../../../arm-none-eabi/lib/thumb/v6-m/nofp\libg.a(lib_a-calloc.o) (_calloc_r)
c:/vsarm/armcc/102021~1.10/bin/../lib/gcc/arm-none-eabi/10.3.1/../../../../arm-none-eabi/lib/thumb/v6-m/nofp\libg.a(lib_a-errno.o)
                              c:/vsarm/armcc/102021~1.10/bin/../lib/gcc/arm-none-eabi/10.3.1/../../../../arm-none-eabi/lib/thumb/v6-m/nofp\libg.a(lib_a-callocr.o) (__errno)
c:/vsarm/armcc/102021~1.10/bin/../lib/gcc/arm-none-eabi/10.3.1/../../../../arm-none-eabi/lib/thumb/v6-m/nofp\libg.a(lib_a-impure.o)
                              c:/vsarm/armcc/102021~1.10/bin/../lib/gcc/arm-none-eabi/10.3.1/../../../../arm-none-eabi/lib/thumb/v6-m/nofp\libg.a(lib_a-calloc.o) (_impure_ptr)
c:/vsarm/armcc/102021~1.10/bin/../lib/gcc/arm-none-eabi/10.3.1/../../../../arm-none-eabi/lib/thumb/v6-m/nofp\libg.a(lib_a-init.o)
                              c:/vsarm/armcc/102021~1.10/bin/../lib/gcc/arm-none-eabi/10.3.1/../../../../arm-none-eabi/lib/thumb/v6-m/nofp/crt0.o (__libc_init_array)
c:/vsarm/armcc/102021~1.10/bin/../lib/gcc/arm-none-eabi/10.3.1/../../../../arm-none-eabi/lib/thumb/v6-m/nofp\libg.a(lib_a-lcltime_r.o)
                              CMakeFiles/blink.dir/C_/VSARM/sdk/pico/pico-sdk/src/common/pico_util/datetime.c.obj (localtime_r)
c:/vsarm/armcc/102021~1.10/bin/../lib/gcc/arm-none-eabi/10.3.1/../../../../arm-none-eabi/lib/thumb/v6-m/nofp\libg.a(lib_a-malloc.o)
                              CMakeFiles/blink.dir/C_/VSARM/sdk/pico/pico-sdk/src/rp2_common/pico_malloc/malloc.c.obj (malloc)
c:/vsarm/armcc/102021~1.10/bin/../lib/gcc/arm-none-eabi/10.3.1/../../../../arm-none-eabi/lib/thumb/v6-m/nofp\libg.a(lib_a-mallocr.o)
                              c:/vsarm/armcc/102021~1.10/bin/../lib/gcc/arm-none-eabi/10.3.1/../../../../arm-none-eabi/lib/thumb/v6-m/nofp\libg.a(lib_a-callocr.o) (_malloc_r)
c:/vsarm/armcc/102021~1.10/bin/../lib/gcc/arm-none-eabi/10.3.1/../../../../arm-none-eabi/lib/thumb/v6-m/nofp\libg.a(lib_a-memcmp.o)
                              CMakeFiles/blink.dir/C_/VSARM/sdk/pico/pico-sdk/src/rp2_common/pico_atomic/atomic.c.obj (memcmp)
c:/vsarm/armcc/102021~1.10/bin/../lib/gcc/arm-none-eabi/10.3.1/../../../../arm-none-eabi/lib/thumb/v6-m/nofp\libg.a(lib_a-mktime.o)
                              CMakeFiles/blink.dir/C_/VSARM/sdk/pico/pico-sdk/src/common/pico_util/datetime.c.obj (mktime)
c:/vsarm/armcc/102021~1.10/bin/../lib/gcc/arm-none-eabi/10.3.1/../../../../arm-none-eabi/lib/thumb/v6-m/nofp\libg.a(lib_a-mlock.o)
                              c:/vsarm/armcc/102021~1.10/bin/../lib/gcc/arm-none-eabi/10.3.1/../../../../arm-none-eabi/lib/thumb/v6-m/nofp\libg.a(lib_a-mallocr.o) (__malloc_lock)
c:/vsarm/armcc/102021~1.10/bin/../lib/gcc/arm-none-eabi/10.3.1/../../../../arm-none-eabi/lib/thumb/v6-m/nofp\libg.a(lib_a-month_lengths.o)
                              c:/vsarm/armcc/102021~1.10/bin/../lib/gcc/arm-none-eabi/10.3.1/../../../../arm-none-eabi/lib/thumb/v6-m/nofp\libg.a(lib_a-lcltime_r.o) (__month_lengths)
c:/vsarm/armcc/102021~1.10/bin/../lib/gcc/arm-none-eabi/10.3.1/../../../../arm-none-eabi/lib/thumb/v6-m/nofp\libg.a(lib_a-realloc.o)
                              CMakeFiles/blink.dir/C_/VSARM/sdk/pico/pico-sdk/src/rp2_common/pico_malloc/malloc.c.obj (realloc)
c:/vsarm/armcc/102021~1.10/bin/../lib/gcc/arm-none-eabi/10.3.1/../../../../arm-none-eabi/lib/thumb/v6-m/nofp\libg.a(lib_a-reallocr.o)
                              c:/vsarm/armcc/102021~1.10/bin/../lib/gcc/arm-none-eabi/10.3.1/../../../../arm-none-eabi/lib/thumb/v6-m/nofp\libg.a(lib_a-realloc.o) (_realloc_r)
c:/vsarm/armcc/102021~1.10/bin/../lib/gcc/arm-none-eabi/10.3.1/../../../../arm-none-eabi/lib/thumb/v6-m/nofp\libg.a(lib_a-sbrkr.o)
                              c:/vsarm/armcc/102021~1.10/bin/../lib/gcc/arm-none-eabi/10.3.1/../../../../arm-none-eabi/lib/thumb/v6-m/nofp\libg.a(lib_a-mallocr.o) (_sbrk_r)
c:/vsarm/armcc/102021~1.10/bin/../lib/gcc/arm-none-eabi/10.3.1/../../../../arm-none-eabi/lib/thumb/v6-m/nofp\libg.a(lib_a-strlen-stub.o)
                              CMakeFiles/blink.dir/C_/VSARM/sdk/pico/pico-sdk/src/rp2_common/pico_stdio/stdio.c.obj (strlen)
[...]
Memory Configuration

Name             Origin             Length             Attributes
FLASH            0x10000000         0x00200000         xr
RAM              0x20000000         0x00040000         xrw
SCRATCH_X        0x20040000         0x00001000         xrw
SCRATCH_Y        0x20041000         0x00001000         xrw
*default*        0x00000000         0xffffffff

Linker script and memory map

LOAD c:/vsarm/armcc/102021~1.10/bin/../lib/gcc/arm-none-eabi/10.3.1/thumb/v6-m/nofp/crti.o
LOAD c:/vsarm/armcc/102021~1.10/bin/../lib/gcc/arm-none-eabi/10.3.1/thumb/v6-m/nofp/crtbegin.o
LOAD c:/vsarm/armcc/102021~1.10/bin/../lib/gcc/arm-none-eabi/10.3.1/../../../../arm-none-eabi/lib/thumb/v6-m/nofp/crt0.o

.flash_begin    0x10000000        0x0
                0x10000000                __flash_binary_start = .

.boot2          0x10000000      0x100
                0x10000000                __boot2_start__ = .
 *(.boot2)
 .boot2         0x10000000      0x100 C:\Users\Dell\AppData\Local\Temp\cci30VBg.o
                0x10000100                __boot2_end__ = .
                0x00000001                ASSERT (((__boot2_end__ - __boot2_start__) == 0x100), ERROR: Pico second stage bootloader must be 256 bytes in size)

.text           0x10000100     0x34b8
                0x10000100                __logical_binary_start = .
 *(.vectors)
 .vectors       0x10000100       0xd4 CMakeFiles/blink.dir/C_/VSARM/sdk/pico/pico-sdk/src/rp2_common/pico_crt0/crt0.S.obj
                0x10000100                __VECTOR_TABLE
                0x10000100                __vectors
                0x100001c0                isr_invalid
                0x100001c0                __default_isrs_start
                0x100001c2                isr_nmi
                0x100001c4                isr_hardfault
                0x100001c6                isr_svcall
                0x100001c8                isr_pendsv
                0x100001ca                isr_systick
                0x100001cc                isr_irq23
                0x100001cc                isr_irq18
                0x100001cc                isr_irq11
                0x100001cc                isr_irq28
                0x100001cc                isr_irq19
                0x100001cc                isr_irq0
                0x100001cc                isr_irq6
                0x100001cc                isr_irq5
                0x100001cc                isr_irq12
                0x100001cc                isr_irq22
                0x100001cc                isr_irq31
                0x100001cc                isr_irq17
                0x100001cc                isr_irq27
                0x100001cc                isr_irq30
                0x100001cc                isr_irq2
                0x100001cc                isr_irq10
                0x100001cc                isr_irq8
                0x100001cc                isr_irq24
                0x100001cc                isr_irq1
                0x100001cc                isr_irq7
                0x100001cc                isr_irq21
                0x100001cc                isr_irq20
                0x100001cc                isr_irq15
                0x100001cc                isr_irq25
                0x100001cc                isr_irq13
                0x100001cc                __unhandled_user_irq
                0x100001cc                isr_irq4
                0x100001cc                isr_irq16
                0x100001cc                isr_irq29
                0x100001cc                isr_irq26
                0x100001cc                __default_isrs_end
                0x100001cc                isr_irq3
                0x100001cc                isr_irq14
                0x100001cc                isr_irq9
                0x100001d2                unhandled_user_irq_num_in_r0
 *(.binary_info_header)
 .binary_info_header
                0x100001d4       0x14 CMakeFiles/blink.dir/C_/VSARM/sdk/pico/pico-sdk/src/rp2_common/pico_crt0/crt0.S.obj
                0x100001e8                __binary_info_header_end = .
 *(.embedded_block)
                0x100001e8                __embedded_block_end = .
 *(.reset)
 .reset         0x100001e8       0x9c CMakeFiles/blink.dir/C_/VSARM/sdk/pico/pico-sdk/src/rp2_common/pico_crt0/crt0.S.obj
                0x100001e8                _entry_point
 *(.init)
 .init          0x10000284        0x4 c:/vsarm/armcc/102021~1.10/bin/../lib/gcc/arm-none-eabi/10.3.1/thumb/v6-m/nofp/crti.o
                0x10000284                _init
 *(EXCLUDE_FILE(*libm.a: *libc.a:*lib_a-mem*.o *libgcc.a:) .text*)
 .text          0x10000288       0x48 c:/vsarm/armcc/102021~1.10/bin/../lib/gcc/arm-none-eabi/10.3.1/thumb/v6-m/nofp/crtbegin.o
 .text.initLEDs
                0x100002d0       0x2c CMakeFiles/blink.dir/main.c.obj
                0x100002d0                initLEDs
 .text.turnOnRedLED
                0x100002fc        0xa CMakeFiles/blink.dir/main.c.obj
                0x100002fc                turnOnRedLED
 .text.turnOffRedLED
                0x10000306        0xa CMakeFiles/blink.dir/main.c.obj
                0x10000306                turnOffRedLED
 .text.turnOnGreenLED
                0x10000310        0xa CMakeFiles/blink.dir/main.c.obj
                0x10000310                turnOnGreenLED
 .text.turnOffGreenLED
                0x1000031a        0xa CMakeFiles/blink.dir/main.c.obj
                0x1000031a                turnOffGreenLED
 .text.turnOnBlueLED
                0x10000324        0xa CMakeFiles/blink.dir/main.c.obj
                0x10000324                turnOnBlueLED
 .text.turnOffBlueLED
                0x1000032e        0xa CMakeFiles/blink.dir/main.c.obj
                0x1000032e                turnOffBlueLED
 .text.turnOnAllLEDs
                0x10000338       0x10 CMakeFiles/blink.dir/main.c.obj
                0x10000338                turnOnAllLEDs
 .text.turnOffAllLEDs
                0x10000348       0x10 CMakeFiles/blink.dir/main.c.obj
                0x10000348                turnOffAllLEDs
 .text.main     0x10000358       0x54 CMakeFiles/blink.dir/main.c.obj
                0x10000358                main
 .text.gpio_set_function
                0x100003ac       0x34 CMakeFiles/blink.dir/C_/VSARM/sdk/pico/pico-sdk/src/rp2_common/hardware_gpio/gpio.c.obj
                0x100003ac                gpio_set_function
 .text.gpio_init
                0x100003e0       0x16 CMakeFiles/blink.dir/C_/VSARM/sdk/pico/pico-sdk/src/rp2_common/hardware_gpio/gpio.c.obj
                0x100003e0                gpio_init
 *fill*         0x100003f6        0x2 
 .text.panic    0x100003f8       0x30 CMakeFiles/blink.dir/C_/VSARM/sdk/pico/pico-sdk/src/rp2_common/pico_platform_panic/panic.c.obj
                0x100003f8                panic
 .text.hw_claim_lock
                0x10000428       0x18 CMakeFiles/blink.dir/C_/VSARM/sdk/pico/pico-sdk/src/common/hardware_claim/claim.c.obj
                0x10000428                hw_claim_lock
 .text.hw_claim_unlock
                0x10000440       0x14 CMakeFiles/blink.dir/C_/VSARM/sdk/pico/pico-sdk/src/common/hardware_claim/claim.c.obj
                0x10000440                hw_claim_unlock
 .text.hw_claim_or_assert
                0x10000454       0x32 CMakeFiles/blink.dir/C_/VSARM/sdk/pico/pico-sdk/src/common/hardware_claim/claim.c.obj
                0x10000454                hw_claim_or_assert
 *fill*         0x10000486        0x2 
 .text.next_striped_spin_lock_num
                0x10000488       0x1c CMakeFiles/blink.dir/C_/VSARM/sdk/pico/pico-sdk/src/rp2_common/hardware_sync/sync.c.obj
                0x10000488                next_striped_spin_lock_num
 .text.spin_locks_reset
                0x100004a4       0x20 CMakeFiles/blink.dir/C_/VSARM/sdk/pico/pico-sdk/src/rp2_common/hardware_sync_spin_lock/sync_spin_lock.c.obj
                0x100004a4                spin_locks_reset
 .text.set_raw_irq_handler_and_unlock
                0x100004c4       0x28 CMakeFiles/blink.dir/C_/VSARM/sdk/pico/pico-sdk/src/rp2_common/hardware_irq/irq.c.obj
 .text.nvic_ipr0
                0x100004ec        0x8 CMakeFiles/blink.dir/C_/VSARM/sdk/pico/pico-sdk/src/rp2_common/hardware_irq/irq.c.obj
 .text.runtime_init_per_core_irq_priorities
                0x100004f4       0x1c CMakeFiles/blink.dir/C_/VSARM/sdk/pico/pico-sdk/src/rp2_common/hardware_irq/irq.c.obj
                0x100004f4                runtime_init_per_core_irq_priorities
 .text.irq_set_mask_n_enabled
                0x10000510       0x1c CMakeFiles/blink.dir/C_/VSARM/sdk/pico/pico-sdk/src/rp2_common/hardware_irq/irq.c.obj
                0x10000510                irq_set_mask_n_enabled
 .text.irq_set_enabled
                0x1000052c       0x14 CMakeFiles/blink.dir/C_/VSARM/sdk/pico/pico-sdk/src/rp2_common/hardware_irq/irq.c.obj
                0x1000052c                irq_set_enabled
 .text.irq_get_vtable_handler
                0x10000540       0x10 CMakeFiles/blink.dir/C_/VSARM/sdk/pico/pico-sdk/src/rp2_common/hardware_irq/irq.c.obj
                0x10000540                irq_get_vtable_handler
 .text.irq_set_exclusive_handler
                0x10000550       0x54 CMakeFiles/blink.dir/C_/VSARM/sdk/pico/pico-sdk/src/rp2_common/hardware_irq/irq.c.obj
                0x10000550                irq_set_exclusive_handler
 .text.lock_init
                0x100005a4       0x10 CMakeFiles/blink.dir/C_/VSARM/sdk/pico/pico-sdk/src/common/pico_sync/lock_core.c.obj
                0x100005a4                lock_init
 .text.mutex_init
                0x100005b4       0x1a CMakeFiles/blink.dir/C_/VSARM/sdk/pico/pico-sdk/src/common/pico_sync/mutex.c.obj
                0x100005b4                mutex_init
 .text.recursive_mutex_init
                0x100005ce       0x1e CMakeFiles/blink.dir/C_/VSARM/sdk/pico/pico-sdk/src/common/pico_sync/mutex.c.obj
                0x100005ce                recursive_mutex_init
 .text.runtime_init_mutex
                0x100005ec       0x4c CMakeFiles/blink.dir/C_/VSARM/sdk/pico/pico-sdk/src/common/pico_sync/mutex.c.obj
                0x100005ec                runtime_init_mutex
 .text.make_alarm_id
                0x10000638        0x6 CMakeFiles/blink.dir/C_/VSARM/sdk/pico/pico-sdk/src/common/pico_time/time.c.obj
 *fill*         0x1000063e        0x2 
 .text.sleep_until_callback
                0x10000640       0x30 CMakeFiles/blink.dir/C_/VSARM/sdk/pico/pico-sdk/src/common/pico_time/time.c.obj
 .text.alarm_pool_irq_handler
                0x10000670      0x2e4 CMakeFiles/blink.dir/C_/VSARM/sdk/pico/pico-sdk/src/common/pico_time/time.c.obj
 .text.alarm_pool_post_alloc_init
                0x10000954       0x94 CMakeFiles/blink.dir/C_/VSARM/sdk/pico/pico-sdk/src/common/pico_time/time.c.obj
 .text.alarm_pool_get_default
                0x100009e8       0x2c CMakeFiles/blink.dir/C_/VSARM/sdk/pico/pico-sdk/src/common/pico_time/time.c.obj
                0x100009e8                alarm_pool_get_default
 .text.alarm_pool_add_alarm_at_force_in_context
                0x10000a14       0xb0 CMakeFiles/blink.dir/C_/VSARM/sdk/pico/pico-sdk/src/common/pico_time/time.c.obj
                0x10000a14                alarm_pool_add_alarm_at_force_in_context
 .text.alarm_pool_add_alarm_at
                0x10000ac4       0x3c CMakeFiles/blink.dir/C_/VSARM/sdk/pico/pico-sdk/src/common/pico_time/time.c.obj
                0x10000ac4                alarm_pool_add_alarm_at
 .text.alarm_pool_cancel_alarm
                0x10000b00       0x78 CMakeFiles/blink.dir/C_/VSARM/sdk/pico/pico-sdk/src/common/pico_time/time.c.obj
                0x10000b00                alarm_pool_cancel_alarm
 .text.sleep_until
                0x10000b78       0xc8 CMakeFiles/blink.dir/C_/VSARM/sdk/pico/pico-sdk/src/common/pico_time/time.c.obj
                0x10000b78                sleep_until
 .text.sleep_us
                0x10000c40       0x24 CMakeFiles/blink.dir/C_/VSARM/sdk/pico/pico-sdk/src/common/pico_time/time.c.obj
                0x10000c40                sleep_us
 .text.sleep_ms
                0x10000c64       0x14 CMakeFiles/blink.dir/C_/VSARM/sdk/pico/pico-sdk/src/common/pico_time/time.c.obj
                0x10000c64                sleep_ms
 .text.best_effort_wfe_or_timeout
                0x10000c78       0xd8 CMakeFiles/blink.dir/C_/VSARM/sdk/pico/pico-sdk/src/common/pico_time/time.c.obj
                0x10000c78                best_effort_wfe_or_timeout
 .text.alarm_pool_get_default_timer
                0x10000d50        0x8 CMakeFiles/blink.dir/C_/VSARM/sdk/pico/pico-sdk/src/common/pico_time/time.c.obj
                0x10000d50                alarm_pool_get_default_timer
 .text.runtime_init_default_alarm_pool
                0x10000d58       0x38 CMakeFiles/blink.dir/C_/VSARM/sdk/pico/pico-sdk/src/common/pico_time/time.c.obj
                0x10000d58                runtime_init_default_alarm_pool
 .text.timer_hardware_alarm_claim
                0x10000d90       0x14 CMakeFiles/blink.dir/C_/VSARM/sdk/pico/pico-sdk/src/rp2_common/hardware_timer/timer.c.obj
                0x10000d90                timer_hardware_alarm_claim
 .text.timer_time_us_64
                0x10000da4       0x10 CMakeFiles/blink.dir/C_/VSARM/sdk/pico/pico-sdk/src/rp2_common/hardware_timer/timer.c.obj
                0x10000da4                timer_time_us_64
 .text.timer_busy_wait_until
                0x10000db4       0x1a CMakeFiles/blink.dir/C_/VSARM/sdk/pico/pico-sdk/src/rp2_common/hardware_timer/timer.c.obj
                0x10000db4                timer_busy_wait_until
 *fill*         0x10000dce        0x2 
 .text.time_us_64
                0x10000dd0       0x10 CMakeFiles/blink.dir/C_/VSARM/sdk/pico/pico-sdk/src/rp2_common/hardware_timer/timer.c.obj
                0x10000dd0                time_us_64
 .text.busy_wait_until
                0x10000de0       0x14 CMakeFiles/blink.dir/C_/VSARM/sdk/pico/pico-sdk/src/rp2_common/hardware_timer/timer.c.obj
                0x10000de0                busy_wait_until
 .text.clock_configure_internal
                0x10000df4       0xc4 CMakeFiles/blink.dir/C_/VSARM/sdk/pico/pico-sdk/src/rp2_common/hardware_clocks/clocks.c.obj
 .text.clock_configure_int_divider
                0x10000eb8       0x28 CMakeFiles/blink.dir/C_/VSARM/sdk/pico/pico-sdk/src/rp2_common/hardware_clocks/clocks.c.obj
                0x10000eb8                clock_configure_int_divider
 .text.clock_configure_undivided
                0x10000ee0       0x12 CMakeFiles/blink.dir/C_/VSARM/sdk/pico/pico-sdk/src/rp2_common/hardware_clocks/clocks.c.obj
                0x10000ee0                clock_configure_undivided
 *fill*         0x10000ef2        0x2 
 .text.clock_get_hz
                0x10000ef4        0xc CMakeFiles/blink.dir/C_/VSARM/sdk/pico/pico-sdk/src/rp2_common/hardware_clocks/clocks.c.obj
                0x10000ef4                clock_get_hz
 .text.pll_init
                0x10000f00      0x120 CMakeFiles/blink.dir/C_/VSARM/sdk/pico/pico-sdk/src/rp2_common/hardware_pll/pll.c.obj
                0x10000f00                pll_init
 .text.tick_start
                0x10001020       0x10 CMakeFiles/blink.dir/C_/VSARM/sdk/pico/pico-sdk/src/rp2_common/hardware_ticks/ticks.c.obj
                0x10001020                tick_start
 .text.xosc_init
                0x10001030       0x28 CMakeFiles/blink.dir/C_/VSARM/sdk/pico/pico-sdk/src/rp2_common/hardware_xosc/xosc.c.obj
                0x10001030                xosc_init
 .text.runtime_run_initializers_from
                0x10001058       0x18 CMakeFiles/blink.dir/C_/VSARM/sdk/pico/pico-sdk/src/rp2_common/pico_runtime/runtime.c.obj
 .text.first_per_core_initializer
                0x10001070        0x2 CMakeFiles/blink.dir/C_/VSARM/sdk/pico/pico-sdk/src/rp2_common/pico_runtime/runtime.c.obj
 *fill*         0x10001072        0x2 
 .text.runtime_run_initializers
                0x10001074       0x10 CMakeFiles/blink.dir/C_/VSARM/sdk/pico/pico-sdk/src/rp2_common/pico_runtime/runtime.c.obj
                0x10001074                runtime_run_initializers
 .text.runtime_init_early_resets
                0x10001084       0x2c CMakeFiles/blink.dir/C_/VSARM/sdk/pico/pico-sdk/src/rp2_common/pico_runtime_init/runtime_init.c.obj
                0x10001084                runtime_init_early_resets
 .text.runtime_init_usb_power_down
                0x100010b0       0x1c CMakeFiles/blink.dir/C_/VSARM/sdk/pico/pico-sdk/src/rp2_common/pico_runtime_init/runtime_init.c.obj
                0x100010b0                runtime_init_usb_power_down
 .text.runtime_init_post_clock_resets
                0x100010cc       0x20 CMakeFiles/blink.dir/C_/VSARM/sdk/pico/pico-sdk/src/rp2_common/pico_runtime_init/runtime_init.c.obj
                0x100010cc                runtime_init_post_clock_resets
 .text.runtime_init_rp2040_gpio_ie_disable
                0x100010ec       0x14 CMakeFiles/blink.dir/C_/VSARM/sdk/pico/pico-sdk/src/rp2_common/pico_runtime_init/runtime_init.c.obj
                0x100010ec                runtime_init_rp2040_gpio_ie_disable
 .text.runtime_init_spin_locks_reset
                0x10001100        0x8 CMakeFiles/blink.dir/C_/VSARM/sdk/pico/pico-sdk/src/rp2_common/pico_runtime_init/runtime_init.c.obj
                0x10001100                runtime_init_spin_locks_reset
 .text.runtime_init_install_ram_vector_table
                0x10001108       0x1c CMakeFiles/blink.dir/C_/VSARM/sdk/pico/pico-sdk/src/rp2_common/pico_runtime_init/runtime_init.c.obj
                0x10001108                runtime_init_install_ram_vector_table
 .text.start_all_ticks
                0x10001124       0x28 CMakeFiles/blink.dir/C_/VSARM/sdk/pico/pico-sdk/src/rp2_common/pico_runtime_init/runtime_init_clocks.c.obj
 .text.runtime_init_clocks
                0x1000114c       0xcc CMakeFiles/blink.dir/C_/VSARM/sdk/pico/pico-sdk/src/rp2_common/pico_runtime_init/runtime_init_clocks.c.obj
                0x1000114c                runtime_init_clocks
 .text          0x10001218       0x10 CMakeFiles/blink.dir/C_/VSARM/sdk/pico/pico-sdk/src/rp2_common/pico_bit_ops/bit_ops_aeabi.S.obj
 .text.rom_func_lookup
                0x10001228       0x10 CMakeFiles/blink.dir/C_/VSARM/sdk/pico/pico-sdk/src/rp2_common/pico_bootrom/bootrom.c.obj
                0x10001228                rom_func_lookup
 .text.rom_data_lookup
                0x10001238       0x10 CMakeFiles/blink.dir/C_/VSARM/sdk/pico/pico-sdk/src/rp2_common/pico_bootrom/bootrom.c.obj
                0x10001238                rom_data_lookup
 .text.rom_funcs_lookup
                0x10001248       0x36 CMakeFiles/blink.dir/C_/VSARM/sdk/pico/pico-sdk/src/rp2_common/pico_bootrom/bootrom.c.obj
                0x10001248                rom_funcs_lookup
 *fill*         0x1000127e        0x2 
 .text.__wrap___aeabi_idiv
                0x10001280       0x50 CMakeFiles/blink.dir/C_/VSARM/sdk/pico/pico-sdk/src/rp2_common/pico_divider/divider_hardware.S.obj
                0x10001280                __wrap___aeabi_idivmod
                0x10001280                divmod_s32s32
                0x10001280                div_s32s32
                0x10001280                __wrap___aeabi_idiv
                0x10001288                divmod_s32s32_unsafe
                0x100012b4                divmod_s32s32_savestate
 .text.__wrap___aeabi_uidiv
                0x100012d0       0x4c CMakeFiles/blink.dir/C_/VSARM/sdk/pico/pico-sdk/src/rp2_common/pico_divider/divider_hardware.S.obj
                0x100012d0                __wrap___aeabi_uidiv
                0x100012d0                __wrap___aeabi_uidivmod
                0x100012d0                div_u32u32
                0x100012d0                divmod_u32u32
                0x100012d8                divmod_u32u32_unsafe
                0x10001300                divmod_u32u32_savestate
 .text.__wrap___aeabi_ldiv
                0x1000131c      0x424 CMakeFiles/blink.dir/C_/VSARM/sdk/pico/pico-sdk/src/rp2_common/pico_divider/divider_hardware.S.obj
                0x1000131c                div_s64s64
                0x1000131c                divmod_s64s64
                0x1000131c                __wrap___aeabi_ldivmod
                0x1000134c                divmod_u64u64
                0x1000134c                div_u64u64
                0x1000134c                __wrap___aeabi_uldivmod
                0x1000135c                divmod_u64u64_savestate
                0x1000137c                divmod_s64s64_unsafe
                0x10001404                divmod_u64u64_unsafe
 .text.__wrap___aeabi_darithmetic
                0x10001740       0x80 CMakeFiles/blink.dir/C_/VSARM/sdk/pico/pico-sdk/src/rp2_common/pico_double/double_aeabi_rp2040.S.obj
                0x10001740                __wrap___aeabi_drsub
                0x10001746                __wrap___aeabi_dsub
                0x10001758                __wrap___aeabi_dadd
                0x1000176a                __wrap___aeabi_ddiv
                0x100017a6                __wrap___aeabi_dmul
 .text.__wrap___aeabi_cdcmple
                0x100017c0       0x6c CMakeFiles/blink.dir/C_/VSARM/sdk/pico/pico-sdk/src/rp2_common/pico_double/double_aeabi_rp2040.S.obj
                0x100017c0                __wrap___aeabi_cdrcmple
                0x100017d0                __wrap___aeabi_cdcmpeq
                0x100017d0                __wrap___aeabi_cdcmple
 .text.__wrap___aeabi_dcmplt
                0x1000182c        0xc CMakeFiles/blink.dir/C_/VSARM/sdk/pico/pico-sdk/src/rp2_common/pico_double/double_aeabi_rp2040.S.obj
                0x1000182c                __wrap___aeabi_dcmplt
 .text.__wrap___aeabi_dcmple
                0x10001838       0x10 CMakeFiles/blink.dir/C_/VSARM/sdk/pico/pico-sdk/src/rp2_common/pico_double/double_aeabi_rp2040.S.obj
                0x10001838                __wrap___aeabi_dcmple
 .text.__wrap___aeabi_dcmpge
                0x10001848       0x10 CMakeFiles/blink.dir/C_/VSARM/sdk/pico/pico-sdk/src/rp2_common/pico_double/double_aeabi_rp2040.S.obj
                0x10001848                __wrap___aeabi_dcmpge
 .text.__wrap___aeabi_dcmpgt
                0x10001858        0xa CMakeFiles/blink.dir/C_/VSARM/sdk/pico/pico-sdk/src/rp2_common/pico_double/double_aeabi_rp2040.S.obj
                0x10001858                __wrap___aeabi_dcmpgt
 .text.__wrap___aeabi_dcmpun
                0x10001862       0x18 CMakeFiles/blink.dir/C_/VSARM/sdk/pico/pico-sdk/src/rp2_common/pico_double/double_aeabi_rp2040.S.obj
                0x10001862                __wrap___aeabi_dcmpun
 *fill*         0x1000187a        0x2 
 .text.__wrap___aeabi_i2d
                0x1000187c       0x38 CMakeFiles/blink.dir/C_/VSARM/sdk/pico/pico-sdk/src/rp2_common/pico_double/double_aeabi_rp2040.S.obj
                0x1000187c                __wrap___aeabi_ui2d
                0x10001884                __wrap___aeabi_i2d
 .text.__wrap___aeabi_d2iz
                0x100018b4       0x48 CMakeFiles/blink.dir/C_/VSARM/sdk/pico/pico-sdk/src/rp2_common/pico_double/double_aeabi_rp2040.S.obj
                0x100018b4                double2int_z
                0x100018b4                __wrap___aeabi_d2iz
 .text.__wrap___aeabi_d2uiz
                0x100018fc       0x18 CMakeFiles/blink.dir/C_/VSARM/sdk/pico/pico-sdk/src/rp2_common/pico_double/double_aeabi_rp2040.S.obj
                0x100018fc                __wrap___aeabi_d2uiz
                0x100018fc                double2uint
 .text.__aeabi_double_init
                0x10001914       0xc8 CMakeFiles/blink.dir/C_/VSARM/sdk/pico/pico-sdk/src/rp2_common/pico_double/double_init_rom_rp2040.c.obj
                0x10001914                __aeabi_double_init
 .text.double_table_shim_on_use_helper
                0x100019dc       0x34 CMakeFiles/blink.dir/C_/VSARM/sdk/pico/pico-sdk/src/rp2_common/pico_double/double_v1_rom_shim_rp2040.S.obj
                0x100019dc                double_table_shim_on_use_helper
 .text.__wrap___aeabi_dsub
                0x10001a10       0x10 CMakeFiles/blink.dir/C_/VSARM/sdk/pico/pico-sdk/src/rp2_common/pico_double/double_v1_rom_shim_rp2040.S.obj
                0x10001a10                drsub_shim
                0x10001a16                dsub_shim
 .text.dadd_shim
                0x10001a20      0x15c CMakeFiles/blink.dir/C_/VSARM/sdk/pico/pico-sdk/src/rp2_common/pico_double/double_v1_rom_shim_rp2040.S.obj
                0x10001a20                dadd_shim
 .text.dmul_shim
                0x10001b7c      0x15c CMakeFiles/blink.dir/C_/VSARM/sdk/pico/pico-sdk/src/rp2_common/pico_double/double_v1_rom_shim_rp2040.S.obj
                0x10001b7c                dmul_shim
 .text.ddiv_shim
                0x10001cd8      0x1b0 CMakeFiles/blink.dir/C_/VSARM/sdk/pico/pico-sdk/src/rp2_common/pico_double/double_v1_rom_shim_rp2040.S.obj
                0x10001cd8                ddiv_shim
 .text.double2uint_shim
                0x10001e88        0xe CMakeFiles/blink.dir/C_/VSARM/sdk/pico/pico-sdk/src/rp2_common/pico_double/double_v1_rom_shim_rp2040.S.obj
                0x10001e88                double2uint_shim
                0x10001e8a                double2ufix_shim
 *fill*         0x10001e96        0x2 
 .text.double2uint64_shim
                0x10001e98       0x70 CMakeFiles/blink.dir/C_/VSARM/sdk/pico/pico-sdk/src/rp2_common/pico_double/double_v1_rom_shim_rp2040.S.obj
                0x10001e98                double2uint64_shim
                0x10001e9a                double2ufix64_shim
                0x10001eba                d2fix_a
 .text.dunpacks
                0x10001f08       0x3c CMakeFiles/blink.dir/C_/VSARM/sdk/pico/pico-sdk/src/rp2_common/pico_double/double_v1_rom_shim_rp2040.S.obj
                0x10001f08                dunpacks
 .text.__aeabi_lmul
                0x10001f44       0x32 CMakeFiles/blink.dir/C_/VSARM/sdk/pico/pico-sdk/src/rp2_common/pico_int64_ops/pico_int64_ops_aeabi.S.obj
                0x10001f44                __wrap___aeabi_lmul
 *fill*         0x10001f76        0x2 
 .text.__aeabi_float_init
                0x10001f78       0xfc CMakeFiles/blink.dir/C_/VSARM/sdk/pico/pico-sdk/src/rp2_common/pico_float/float_init_rom_rp2040.c.obj
                0x10001f78                __aeabi_float_init
 .text.float_table_shim_on_use_helper
                0x10002074       0x34 CMakeFiles/blink.dir/C_/VSARM/sdk/pico/pico-sdk/src/rp2_common/pico_float/float_v1_rom_shim_rp2040.S.obj
                0x10002074                float_table_shim_on_use_helper
 .text          0x100020a8       0x10 CMakeFiles/blink.dir/C_/VSARM/sdk/pico/pico-sdk/src/rp2_common/pico_mem_ops/mem_ops_aeabi.S.obj
                0x100020a8                __aeabi_mem_init
 .text.memcpy   0x100020b8        0xc CMakeFiles/blink.dir/C_/VSARM/sdk/pico/pico-sdk/src/rp2_common/pico_mem_ops/mem_ops_aeabi.S.obj
                0x100020b8                __wrap_memcpy
                0x100020b8                __wrap___aeabi_memcpy
 .text._out_null
                0x100020c4        0x2 CMakeFiles/blink.dir/C_/VSARM/sdk/pico/pico-sdk/src/rp2_common/pico_printf/printf.c.obj
 .text._out_fct
                0x100020c6        0xe CMakeFiles/blink.dir/C_/VSARM/sdk/pico/pico-sdk/src/rp2_common/pico_printf/printf.c.obj
 .text._atoi    0x100020d4       0x24 CMakeFiles/blink.dir/C_/VSARM/sdk/pico/pico-sdk/src/rp2_common/pico_printf/printf.c.obj
 .text._out_rev
                0x100020f8       0xae CMakeFiles/blink.dir/C_/VSARM/sdk/pico/pico-sdk/src/rp2_common/pico_printf/printf.c.obj
 .text._ntoa_format
                0x100021a6      0x112 CMakeFiles/blink.dir/C_/VSARM/sdk/pico/pico-sdk/src/rp2_common/pico_printf/printf.c.obj
 .text._ntoa_long
                0x100022b8       0xbc CMakeFiles/blink.dir/C_/VSARM/sdk/pico/pico-sdk/src/rp2_common/pico_printf/printf.c.obj
 .text._ntoa_long_long
                0x10002374       0xe2 CMakeFiles/blink.dir/C_/VSARM/sdk/pico/pico-sdk/src/rp2_common/pico_printf/printf.c.obj
 *fill*         0x10002456        0x2 
 .text._etoa    0x10002458      0x414 CMakeFiles/blink.dir/C_/VSARM/sdk/pico/pico-sdk/src/rp2_common/pico_printf/printf.c.obj
 .text._ftoa    0x1000286c      0x354 CMakeFiles/blink.dir/C_/VSARM/sdk/pico/pico-sdk/src/rp2_common/pico_printf/printf.c.obj
 .text._vsnprintf
                0x10002bc0      0x624 CMakeFiles/blink.dir/C_/VSARM/sdk/pico/pico-sdk/src/rp2_common/pico_printf/printf.c.obj
 .text.vfctprintf
                0x100031e4       0x20 CMakeFiles/blink.dir/C_/VSARM/sdk/pico/pico-sdk/src/rp2_common/pico_printf/printf.c.obj
                0x100031e4                vfctprintf
 .text._exit    0x10003204        0x4 CMakeFiles/blink.dir/C_/VSARM/sdk/pico/pico-sdk/src/rp2_common/pico_clib_interface/newlib_interface.c.obj
                0x10003204                _exit
 .text.exit     0x10003208        0x6 CMakeFiles/blink.dir/C_/VSARM/sdk/pico/pico-sdk/src/rp2_common/pico_clib_interface/newlib_interface.c.obj
                0x10003208                exit
 *fill*         0x1000320e        0x2 
 .text.__assert_func
                0x10003210       0x3c CMakeFiles/blink.dir/C_/VSARM/sdk/pico/pico-sdk/src/rp2_common/pico_clib_interface/newlib_interface.c.obj
                0x10003210                __assert_func
 .text.runtime_init
                0x1000324c       0x28 CMakeFiles/blink.dir/C_/VSARM/sdk/pico/pico-sdk/src/rp2_common/pico_clib_interface/newlib_interface.c.obj
                0x1000324c                runtime_init
 .text.stdio_out_chars_no_crlf
                0x10003274        0xe CMakeFiles/blink.dir/C_/VSARM/sdk/pico/pico-sdk/src/rp2_common/pico_stdio/stdio.c.obj
 *fill*         0x10003282        0x2 
 .text.stdio_out_chars_crlf
                0x10003284       0x80 CMakeFiles/blink.dir/C_/VSARM/sdk/pico/pico-sdk/src/rp2_common/pico_stdio/stdio.c.obj
 .text.stdio_stack_buffer_flush
                0x10003304       0x44 CMakeFiles/blink.dir/C_/VSARM/sdk/pico/pico-sdk/src/rp2_common/pico_stdio/stdio.c.obj
 .text.stdio_buffered_printer
                0x10003348       0x20 CMakeFiles/blink.dir/C_/VSARM/sdk/pico/pico-sdk/src/rp2_common/pico_stdio/stdio.c.obj
 .text.stdout_serialize_begin
                0x10003368       0x30 CMakeFiles/blink.dir/C_/VSARM/sdk/pico/pico-sdk/src/rp2_common/pico_stdio/stdio.c.obj
                0x10003368                stdout_serialize_begin
 .text.stdout_serialize_end
                0x10003398       0x10 CMakeFiles/blink.dir/C_/VSARM/sdk/pico/pico-sdk/src/rp2_common/pico_stdio/stdio.c.obj
                0x10003398                stdout_serialize_end
 .text.stdio_put_string
                0x100033a8       0x94 CMakeFiles/blink.dir/C_/VSARM/sdk/pico/pico-sdk/src/rp2_common/pico_stdio/stdio.c.obj
                0x100033a8                stdio_put_string
 .text.stdio_flush
                0x1000343c       0x20 CMakeFiles/blink.dir/C_/VSARM/sdk/pico/pico-sdk/src/rp2_common/pico_stdio/stdio.c.obj
                0x1000343c                stdio_flush
 .text.stdio_init_all
                0x1000345c        0x4 CMakeFiles/blink.dir/C_/VSARM/sdk/pico/pico-sdk/src/rp2_common/pico_stdio/stdio.c.obj
                0x1000345c                stdio_init_all
 .text.__wrap_puts
                0x10003460       0x1e CMakeFiles/blink.dir/C_/VSARM/sdk/pico/pico-sdk/src/rp2_common/pico_stdio/stdio.c.obj
                0x10003460                stdio_puts
                0x10003460                __wrap_puts
 *fill*         0x1000347e        0x2 
 .text.__wrap_vprintf
                0x10003480       0x40 CMakeFiles/blink.dir/C_/VSARM/sdk/pico/pico-sdk/src/rp2_common/pico_stdio/stdio.c.obj
                0x10003480                stdio_vprintf
                0x10003480                __wrap_vprintf
 .text.__wrap_printf
                0x100034c0       0x18 CMakeFiles/blink.dir/C_/VSARM/sdk/pico/pico-sdk/src/rp2_common/pico_stdio/stdio.c.obj
                0x100034c0                __wrap_printf
                0x100034c0                stdio_printf
 .text.strlen   0x100034d8       0x5c c:/vsarm/armcc/102021~1.10/bin/../lib/gcc/arm-none-eabi/10.3.1/../../../../arm-none-eabi/lib/thumb/v6-m/nofp\libg.a(lib_a-strlen-stub.o)
                0x100034d8                strlen
 *(.fini)
 .fini          0x10003534        0x4 c:/vsarm/armcc/102021~1.10/bin/../lib/gcc/arm-none-eabi/10.3.1/thumb/v6-m/nofp/crti.o
                0x10003534                _fini
 .fini.__stub   0x10003538       0x40 linker stubs
 *crtbegin.o(.ctors)
 *crtbegin?.o(.ctors)
 *(EXCLUDE_FILE(*crtend.o *crtend?.o) .ctors)
 *(SORT_BY_NAME(.ctors.*))
 *(.ctors)
 *crtbegin.o(.dtors)
 *crtbegin?.o(.dtors)
 *(EXCLUDE_FILE(*crtend.o *crtend?.o) .dtors)
 *(SORT_BY_NAME(.dtors.*))
 *(.dtors)
                0x10003578                . = ALIGN (0x4)
                0x10003578                PROVIDE (__preinit_array_start = .)
 *(SORT_BY_NAME(.preinit_array.*))
 .preinit_array.00100
                0x10003578        0x4 CMakeFiles/blink.dir/C_/VSARM/sdk/pico/pico-sdk/src/rp2_common/pico_runtime_init/runtime_init.c.obj
                0x10003578                __pre_init_runtime_init_early_resets
 .preinit_array.00101
                0x1000357c        0x4 CMakeFiles/blink.dir/C_/VSARM/sdk/pico/pico-sdk/src/rp2_common/pico_runtime_init/runtime_init.c.obj
                0x1000357c                __pre_init_runtime_init_usb_power_down
 .preinit_array.00275
                0x10003580        0x4 CMakeFiles/blink.dir/C_/VSARM/sdk/pico/pico-sdk/src/rp2_common/pico_bit_ops/bit_ops_aeabi.S.obj
 .preinit_array.00300
                0x10003584        0x4 CMakeFiles/blink.dir/C_/VSARM/sdk/pico/pico-sdk/src/rp2_common/pico_mem_ops/mem_ops_aeabi.S.obj
 .preinit_array.00350
                0x10003588        0x4 CMakeFiles/blink.dir/C_/VSARM/sdk/pico/pico-sdk/src/rp2_common/pico_double/double_aeabi_rp2040.S.obj
 .preinit_array.00350
                0x1000358c        0x4 CMakeFiles/blink.dir/C_/VSARM/sdk/pico/pico-sdk/src/rp2_common/pico_float/float_aeabi_rp2040.S.obj
 .preinit_array.00500
                0x10003590        0x4 CMakeFiles/blink.dir/C_/VSARM/sdk/pico/pico-sdk/src/rp2_common/pico_runtime_init/runtime_init.c.obj
                0x10003590                __pre_init_runtime_init_clocks
 .preinit_array.00600
                0x10003594        0x4 CMakeFiles/blink.dir/C_/VSARM/sdk/pico/pico-sdk/src/rp2_common/pico_runtime_init/runtime_init.c.obj
                0x10003594                __pre_init_runtime_init_post_clock_resets
 .preinit_array.00700
                0x10003598        0x4 CMakeFiles/blink.dir/C_/VSARM/sdk/pico/pico-sdk/src/rp2_common/pico_runtime_init/runtime_init.c.obj
                0x10003598                __pre_init_runtime_init_rp2040_gpio_ie_disable
 .preinit_array.01000
                0x1000359c        0x4 CMakeFiles/blink.dir/C_/VSARM/sdk/pico/pico-sdk/src/rp2_common/pico_runtime_init/runtime_init.c.obj
                0x1000359c                __pre_init_runtime_init_spin_locks_reset
 .preinit_array.01100
                0x100035a0        0x4 CMakeFiles/blink.dir/C_/VSARM/sdk/pico/pico-sdk/src/common/pico_sync/mutex.c.obj
                0x100035a0                __pre_init_runtime_init_mutex
 .preinit_array.10080
                0x100035a4        0x4 CMakeFiles/blink.dir/C_/VSARM/sdk/pico/pico-sdk/src/rp2_common/pico_runtime_init/runtime_init.c.obj
                0x100035a4                __pre_init_runtime_init_install_ram_vector_table
 .preinit_array.11000
                0x100035a8        0x4 CMakeFiles/blink.dir/C_/VSARM/sdk/pico/pico-sdk/src/common/pico_time/time.c.obj
                0x100035a8                __pre_init_runtime_init_default_alarm_pool
 .preinit_array.YYYYY
                0x100035ac        0x4 CMakeFiles/blink.dir/C_/VSARM/sdk/pico/pico-sdk/src/rp2_common/pico_runtime/runtime.c.obj
                0x100035ac                __pre_init_first_per_core_initializer
 .preinit_array.ZZZZZ.01200
                0x100035b0        0x4 CMakeFiles/blink.dir/C_/VSARM/sdk/pico/pico-sdk/src/rp2_common/hardware_irq/irq.c.obj
                0x100035b0                __pre_init_runtime_init_per_core_irq_priorities
 *(.preinit_array)
                0x100035b4                PROVIDE (__preinit_array_end = .)
                0x100035b4                . = ALIGN (0x4)
                0x100035b4                PROVIDE (__init_array_start = .)
 *(SORT_BY_NAME(.init_array.*))
 *(.init_array)
 .init_array    0x100035b4        0x4 c:/vsarm/armcc/102021~1.10/bin/../lib/gcc/arm-none-eabi/10.3.1/thumb/v6-m/nofp/crtbegin.o
                0x100035b8                PROVIDE (__init_array_end = .)
                0x100035b8                . = ALIGN (0x4)
                [!provide]                PROVIDE (__fini_array_start = .)
 *(SORT_BY_NAME(.fini_array.*))
 *(.fini_array)
                [!provide]                PROVIDE (__fini_array_end = .)
 *(.eh_frame*)
 .eh_frame      0x100035b8        0x0 c:/vsarm/armcc/102021~1.10/bin/../lib/gcc/arm-none-eabi/10.3.1/thumb/v6-m/nofp/crtbegin.o
                0x100035b8                . = ALIGN (0x4)

.glue_7         0x100035b8        0x0
 .glue_7        0x100035b8        0x0 linker stubs

.glue_7t        0x100035b8        0x0
 .glue_7t       0x100035b8        0x0 linker stubs

.vfp11_veneer   0x100035b8        0x0
 .vfp11_veneer  0x100035b8        0x0 linker stubs

.v4_bx          0x100035b8        0x0
 .v4_bx         0x100035b8        0x0 linker stubs

.iplt           0x100035b8        0x0
 .iplt          0x100035b8        0x0 c:/vsarm/armcc/102021~1.10/bin/../lib/gcc/arm-none-eabi/10.3.1/thumb/v6-m/nofp/crtbegin.o

.rodata         0x100035b8      0x84c
 *(EXCLUDE_FILE(*libm.a: *libc.a:*lib_a-mem*.o *libgcc.a:) .rodata*)
 .rodata.panic.str1.4
                0x100035b8       0x12 CMakeFiles/blink.dir/C_/VSARM/sdk/pico/pico-sdk/src/rp2_common/pico_platform_panic/panic.c.obj
 *fill*         0x100035ca        0x2 
 .rodata.make_j_16.str1.4
                0x100035cc       0x6d CMakeFiles/blink.dir/C_/VSARM/sdk/pico/pico-sdk/src/rp2_common/hardware_irq/irq.c.obj
 *fill*         0x10003639        0x3 
 .rodata.irq_set_exclusive_handler.str1.4
                0x1000363c       0x36 CMakeFiles/blink.dir/C_/VSARM/sdk/pico/pico-sdk/src/rp2_common/hardware_irq/irq.c.obj
 *fill*         0x10003672        0x2 
 .rodata.__func__.6
                0x10003674       0x1a CMakeFiles/blink.dir/C_/VSARM/sdk/pico/pico-sdk/src/rp2_common/hardware_irq/irq.c.obj
 *fill*         0x1000368e        0x2 
 .rodata.runtime_init_mutex.str1.4
                0x10003690       0x58 CMakeFiles/blink.dir/C_/VSARM/sdk/pico/pico-sdk/src/common/pico_sync/mutex.c.obj
 .rodata.str1.4
                0x100036e8       0x51 CMakeFiles/blink.dir/C_/VSARM/sdk/pico/pico-sdk/src/common/pico_sync/mutex.c.obj
 *fill*         0x10003739        0x3 
 .rodata.__func__.1
                0x1000373c        0xb CMakeFiles/blink.dir/C_/VSARM/sdk/pico/pico-sdk/src/common/pico_sync/mutex.c.obj
 *fill*         0x10003747        0x1 
 .rodata.__func__.3
                0x10003748       0x18 CMakeFiles/blink.dir/C_/VSARM/sdk/pico/pico-sdk/src/common/pico_sync/mutex.c.obj
 .rodata.__func__.6
                0x10003760       0x13 CMakeFiles/blink.dir/C_/VSARM/sdk/pico/pico-sdk/src/common/pico_sync/mutex.c.obj
 *fill*         0x10003773        0x1 
 .rodata.alarm_pool_irq_handler.str1.4
                0x10003774       0x63 CMakeFiles/blink.dir/C_/VSARM/sdk/pico/pico-sdk/src/common/pico_time/time.c.obj
 *fill*         0x100037d7        0x1 
 .rodata.alarm_pool_get_default.str1.4
                0x100037d8       0x21 CMakeFiles/blink.dir/C_/VSARM/sdk/pico/pico-sdk/src/common/pico_time/time.c.obj
 *fill*         0x100037f9        0x3 
 .rodata.sleep_until.str1.4
                0x100037fc       0x4d CMakeFiles/blink.dir/C_/VSARM/sdk/pico/pico-sdk/src/common/pico_time/time.c.obj
 *fill*         0x10003849        0x3 
 .rodata.__func__.1
                0x1000384c       0x17 CMakeFiles/blink.dir/C_/VSARM/sdk/pico/pico-sdk/src/common/pico_time/time.c.obj
 *fill*         0x10003863        0x1 
 .rodata.__func__.2
                0x10003864       0x17 CMakeFiles/blink.dir/C_/VSARM/sdk/pico/pico-sdk/src/common/pico_time/time.c.obj
 *fill*         0x1000387b        0x1 
 .rodata.timer_hardware_alarm_claim.str1.4
                0x1000387c       0x22 CMakeFiles/blink.dir/C_/VSARM/sdk/pico/pico-sdk/src/rp2_common/hardware_timer/timer.c.obj
 *fill*         0x1000389e        0x2 
 .rodata.pll_init.str1.4
                0x100038a0      0x114 CMakeFiles/blink.dir/C_/VSARM/sdk/pico/pico-sdk/src/rp2_common/hardware_pll/pll.c.obj
 .rodata.__func__.0
                0x100039b4        0x9 CMakeFiles/blink.dir/C_/VSARM/sdk/pico/pico-sdk/src/rp2_common/hardware_pll/pll.c.obj
 *fill*         0x100039bd        0x3 
 .rodata.__aeabi_double_init.str1.4
                0x100039c0       0x93 CMakeFiles/blink.dir/C_/VSARM/sdk/pico/pico-sdk/src/rp2_common/pico_double/double_init_rom_rp2040.c.obj
 *fill*         0x10003a53        0x1 
 .rodata.__func__.0
                0x10003a54       0x14 CMakeFiles/blink.dir/C_/VSARM/sdk/pico/pico-sdk/src/rp2_common/pico_double/double_init_rom_rp2040.c.obj
 .rodata.__aeabi_float_init.str1.4
                0x10003a68       0x81 CMakeFiles/blink.dir/C_/VSARM/sdk/pico/pico-sdk/src/rp2_common/pico_float/float_init_rom_rp2040.c.obj
                                 0x85 (size before relaxing)
 *fill*         0x10003ae9        0x3 
 .rodata.__func__.0
                0x10003aec       0x13 CMakeFiles/blink.dir/C_/VSARM/sdk/pico/pico-sdk/src/rp2_common/pico_float/float_init_rom_rp2040.c.obj
 *fill*         0x10003aff        0x1 
 .rodata.str1.4
                0x10003b00       0x2c CMakeFiles/blink.dir/C_/VSARM/sdk/pico/pico-sdk/src/rp2_common/pico_standard_binary_info/standard_binary_info.c.obj
 .rodata.__bi_26
                0x10003b2c        0xc CMakeFiles/blink.dir/C_/VSARM/sdk/pico/pico-sdk/src/rp2_common/pico_standard_binary_info/standard_binary_info.c.obj
 .rodata.__bi_34
                0x10003b38        0xc CMakeFiles/blink.dir/C_/VSARM/sdk/pico/pico-sdk/src/rp2_common/pico_standard_binary_info/standard_binary_info.c.obj
 .rodata.__bi_42
                0x10003b44        0xc CMakeFiles/blink.dir/C_/VSARM/sdk/pico/pico-sdk/src/rp2_common/pico_standard_binary_info/standard_binary_info.c.obj
 .rodata.__bi_48
                0x10003b50        0xc CMakeFiles/blink.dir/C_/VSARM/sdk/pico/pico-sdk/src/rp2_common/pico_standard_binary_info/standard_binary_info.c.obj
 .rodata.__bi_54
                0x10003b5c        0xc CMakeFiles/blink.dir/C_/VSARM/sdk/pico/pico-sdk/src/rp2_common/pico_standard_binary_info/standard_binary_info.c.obj
 .rodata.__bi_84
                0x10003b68        0xc CMakeFiles/blink.dir/C_/VSARM/sdk/pico/pico-sdk/src/rp2_common/pico_standard_binary_info/standard_binary_info.c.obj
 .rodata._ftoa.str1.4
                0x10003b74       0x15 CMakeFiles/blink.dir/C_/VSARM/sdk/pico/pico-sdk/src/rp2_common/pico_printf/printf.c.obj
 *fill*         0x10003b89        0x3 
 .rodata._vsnprintf
                0x10003b8c      0x1e0 CMakeFiles/blink.dir/C_/VSARM/sdk/pico/pico-sdk/src/rp2_common/pico_printf/printf.c.obj
 *fill*         0x10003d6c        0x4 
 .rodata.pow10.0
                0x10003d70       0x50 CMakeFiles/blink.dir/C_/VSARM/sdk/pico/pico-sdk/src/rp2_common/pico_printf/printf.c.obj
 .rodata.__assert_func.str1.4
                0x10003dc0       0x3f CMakeFiles/blink.dir/C_/VSARM/sdk/pico/pico-sdk/src/rp2_common/pico_clib_interface/newlib_interface.c.obj
                                 0x43 (size before relaxing)
 *fill*         0x10003dff        0x1 
 .rodata.crlf_str.0
                0x10003e00        0x2 CMakeFiles/blink.dir/C_/VSARM/sdk/pico/pico-sdk/src/rp2_common/pico_stdio/stdio.c.obj
                0x10003e04                . = ALIGN (0x4)
 *fill*         0x10003e02        0x2 
 *(SORT_BY_ALIGNMENT(SORT_BY_NAME(.flashdata*)))
                0x10003e04                . = ALIGN (0x4)

.ARM.extab
 *(.ARM.extab* .gnu.linkonce.armextab.*)
                0x10003e04                __exidx_start = .

.ARM.exidx
 *(.ARM.exidx* .gnu.linkonce.armexidx.*)
                0x10003e04                __exidx_end = .
                0x10003e04                . = ALIGN (0x4)
                0x10003e04                __binary_info_start = .

.binary_info    0x10003e04       0x18
 *(.binary_info.keep.*)
 .binary_info.keep.__bi_ptr26
                0x10003e04        0x4 CMakeFiles/blink.dir/C_/VSARM/sdk/pico/pico-sdk/src/rp2_common/pico_standard_binary_info/standard_binary_info.c.obj
 .binary_info.keep.__bi_ptr34
                0x10003e08        0x4 CMakeFiles/blink.dir/C_/VSARM/sdk/pico/pico-sdk/src/rp2_common/pico_standard_binary_info/standard_binary_info.c.obj
 .binary_info.keep.__bi_ptr42
                0x10003e0c        0x4 CMakeFiles/blink.dir/C_/VSARM/sdk/pico/pico-sdk/src/rp2_common/pico_standard_binary_info/standard_binary_info.c.obj
 .binary_info.keep.__bi_ptr48
                0x10003e10        0x4 CMakeFiles/blink.dir/C_/VSARM/sdk/pico/pico-sdk/src/rp2_common/pico_standard_binary_info/standard_binary_info.c.obj
 .binary_info.keep.__bi_ptr54
                0x10003e14        0x4 CMakeFiles/blink.dir/C_/VSARM/sdk/pico/pico-sdk/src/rp2_common/pico_standard_binary_info/standard_binary_info.c.obj
 .binary_info.keep.__bi_ptr84
                0x10003e18        0x4 CMakeFiles/blink.dir/C_/VSARM/sdk/pico/pico-sdk/src/rp2_common/pico_standard_binary_info/standard_binary_info.c.obj
 *(.binary_info.*)
                0x10003e1c                __binary_info_end = .

.rel.dyn        0x10003e1c        0x0
 .rel.iplt      0x10003e1c        0x0 c:/vsarm/armcc/102021~1.10/bin/../lib/gcc/arm-none-eabi/10.3.1/thumb/v6-m/nofp/crtbegin.o
                0x10003e1c                . = ALIGN (0x4)

.ram_vector_table
                0x20000000       0xc0
 *(.ram_vector_table)
 .ram_vector_table
                0x20000000       0xc0 CMakeFiles/blink.dir/C_/VSARM/sdk/pico/pico-sdk/src/rp2_common/pico_runtime_init/runtime_init.c.obj
                0x20000000                ram_vector_table

.uninitialized_data
                0x200000c0        0x0
                0x200000c0                . = ALIGN (0x4)
 *(.uninitialized_data*)

.data           0x200000c0      0x1c8 load address 0x10003e1c
                0x200000c0                __data_start__ = .
 *(vtable)
 *(.time_critical*)
 .time_critical.mutex_try_enter
                0x200000c0       0x46 CMakeFiles/blink.dir/C_/VSARM/sdk/pico/pico-sdk/src/common/pico_sync/mutex.c.obj
                0x200000c0                mutex_try_enter
 *fill*         0x20000106        0x2 
 .time_critical.mutex_enter_block_until
                0x20000108       0x8c CMakeFiles/blink.dir/C_/VSARM/sdk/pico/pico-sdk/src/common/pico_sync/mutex.c.obj
                0x20000108                mutex_enter_block_until
 .time_critical.mutex_try_enter_block_until
                0x20000194       0x34 CMakeFiles/blink.dir/C_/VSARM/sdk/pico/pico-sdk/src/common/pico_sync/mutex.c.obj
                0x20000194                mutex_try_enter_block_until
 .time_critical.mutex_exit
                0x200001c8       0x4c CMakeFiles/blink.dir/C_/VSARM/sdk/pico/pico-sdk/src/common/pico_sync/mutex.c.obj
                0x200001c8                mutex_exit
 *(.text*)
 .text          0x20000214        0x4 c:/vsarm/armcc/102021~1.10/bin/../lib/gcc/arm-none-eabi/10.3.1/thumb/v6-m/nofp\libgcc.a(_dvmd_tls.o)
                0x20000214                __aeabi_idiv0
                0x20000214                __aeabi_ldiv0
 .text.__stub   0x20000218       0x20 linker stubs
                0x20000238                . = ALIGN (0x4)
 *(.rodata*)
                0x20000238                . = ALIGN (0x4)
 *(.data*)
 .data.striped_spin_lock_num
                0x20000238        0x1 CMakeFiles/blink.dir/C_/VSARM/sdk/pico/pico-sdk/src/rp2_common/hardware_sync/sync.c.obj
 *fill*         0x20000239        0x3 
 .data.default_alarm_pool
                0x2000023c       0x18 CMakeFiles/blink.dir/C_/VSARM/sdk/pico/pico-sdk/src/common/pico_time/time.c.obj
 *fill*         0x20000254        0xc 
 .data.aeabi_bits_funcs
                0x20000260       0x10 CMakeFiles/blink.dir/C_/VSARM/sdk/pico/pico-sdk/src/rp2_common/pico_bit_ops/bit_ops_aeabi.S.obj
                0x20000260                aeabi_bits_funcs
                0x20000270                aeabi_bits_funcs_end
 .data.aeabi_mem_funcs
                0x20000270       0x10 CMakeFiles/blink.dir/C_/VSARM/sdk/pico/pico-sdk/src/rp2_common/pico_mem_ops/mem_ops_aeabi.S.obj
                0x20000270                aeabi_mem_funcs
                0x20000280                aeabi_mem_funcs_end
                0x20000280                . = ALIGN (0x4)
 *(.after_data.*)
                0x20000280                . = ALIGN (0x4)
                0x20000280                PROVIDE (__mutex_array_start = .)
 *(SORT_BY_NAME(.mutex_array.*))
 *(.mutex_array)
 .mutex_array   0x20000280        0x8 CMakeFiles/blink.dir/C_/VSARM/sdk/pico/pico-sdk/src/rp2_common/pico_stdio/stdio.c.obj
                0x20000288                PROVIDE (__mutex_array_end = .)
                0x20000288                . = ALIGN (0x4)
 *(.jcr)
                0x20000288                . = ALIGN (0x4)

.igot.plt       0x20000288        0x0 load address 0x10003fe4
 .igot.plt      0x20000288        0x0 c:/vsarm/armcc/102021~1.10/bin/../lib/gcc/arm-none-eabi/10.3.1/thumb/v6-m/nofp/crtbegin.o

.tdata          0x20000288        0x0 load address 0x10003fe4
                0x20000288                . = ALIGN (0x4)
 *(.tdata .tdata.* .gnu.linkonce.td.*)
                0x20000288                __tdata_end = .
                0x20000288                PROVIDE (__data_end__ = .)
                0x10003e1c                __etext = LOADADDR (.data)

.tbss           0x20000288        0x0 load address 0x10003fe4
                0x20000288                . = ALIGN (0x4)
                0x20000288                __bss_start__ = .
                0x20000288                __tls_base = .
 *(.tbss .tbss.* .gnu.linkonce.tb.*)
 *(.tcommon)
                0x20000288                __tls_end = .

.bss            0x20000288      0x3e8 load address 0x10003fe4
                0x20000288                . = ALIGN (0x4)
                0x20000288                __tbss_end = .
 *(SORT_BY_ALIGNMENT(SORT_BY_NAME(.bss*)))
 .bss.default_alarm_pool_entries
                0x20000288      0x180 CMakeFiles/blink.dir/C_/VSARM/sdk/pico/pico-sdk/src/common/pico_time/time.c.obj
 .bss           0x20000408       0x1c c:/vsarm/armcc/102021~1.10/bin/../lib/gcc/arm-none-eabi/10.3.1/thumb/v6-m/nofp/crtbegin.o
 .bss.claimed   0x20000424        0x1 CMakeFiles/blink.dir/C_/VSARM/sdk/pico/pico-sdk/src/rp2_common/hardware_timer/timer.c.obj
 *fill*         0x20000425        0x3 
 .bss.configured_freq
                0x20000428       0x28 CMakeFiles/blink.dir/C_/VSARM/sdk/pico/pico-sdk/src/rp2_common/hardware_clocks/clocks.c.obj
 .bss.drivers   0x20000450        0x4 CMakeFiles/blink.dir/C_/VSARM/sdk/pico/pico-sdk/src/rp2_common/pico_stdio/stdio.c.obj
 .bss.filter    0x20000454        0x4 CMakeFiles/blink.dir/C_/VSARM/sdk/pico/pico-sdk/src/rp2_common/pico_stdio/stdio.c.obj
 .bss.pools     0x20000458       0x10 CMakeFiles/blink.dir/C_/VSARM/sdk/pico/pico-sdk/src/common/pico_time/time.c.obj
 .bss.sd_table  0x20000468      0x100 CMakeFiles/blink.dir/C_/VSARM/sdk/pico/pico-sdk/src/rp2_common/pico_double/double_init_rom_rp2040.c.obj
                0x20000468                sd_table
 .bss.sf_clz_func
                0x20000568        0x4 CMakeFiles/blink.dir/C_/VSARM/sdk/pico/pico-sdk/src/rp2_common/pico_double/double_init_rom_rp2040.c.obj
                0x20000568                sf_clz_func
 .bss.sf_table  0x2000056c      0x100 CMakeFiles/blink.dir/C_/VSARM/sdk/pico/pico-sdk/src/rp2_common/pico_float/float_init_rom_rp2040.c.obj
                0x2000056c                sf_table
 .bss.sleep_notifier
                0x2000066c        0x4 CMakeFiles/blink.dir/C_/VSARM/sdk/pico/pico-sdk/src/common/pico_time/time.c.obj
 *(COMMON)
                0x20000670                . = ALIGN (0x4)
                0x20000670                __bss_end__ = .

.heap           0x20000670    0x3f990 load address 0x10003fe4
                0x20000670                __end__ = .
                0x20000670                end = __end__
 *(.heap*)
 .heap          0x20000670      0x800 CMakeFiles/blink.dir/C_/VSARM/sdk/pico/pico-sdk/src/rp2_common/pico_crt0/crt0.S.obj
                0x20040000                . = (ORIGIN (RAM) + LENGTH (RAM))
 *fill*         0x20000e70    0x3f190 
                0x20040000                __HeapLimit = .

.scratch_x      0x20040000        0x0 load address 0x10003fe4
                0x20040000                __scratch_x_start__ = .
 *(.scratch_x.*)
                0x20040000                . = ALIGN (0x4)
                0x20040000                __scratch_x_end__ = .
                0x10003fe4                __scratch_x_source__ = LOADADDR (.scratch_x)

.scratch_y      0x20041000        0x0 load address 0x10003fe4
                0x20041000                __scratch_y_start__ = .
 *(.scratch_y.*)
                0x20041000                . = ALIGN (0x4)
                0x20041000                __scratch_y_end__ = .
                0x10003fe4                __scratch_y_source__ = LOADADDR (.scratch_y)

.stack1_dummy   0x20040000        0x0
 *(.stack1*)

.stack_dummy    0x20041000      0x800
 *(.stack*)
 .stack         0x20041000      0x800 CMakeFiles/blink.dir/C_/VSARM/sdk/pico/pico-sdk/src/rp2_common/pico_crt0/crt0.S.obj

.flash_end      0x10003fe4        0x0
 *(.embedded_end_block*)
                0x10003fe4                PROVIDE (__flash_binary_end = .)
                0x20040000                __StackLimit = (ORIGIN (RAM) + LENGTH (RAM))
                0x20041000                __StackOneTop = (ORIGIN (SCRATCH_X) + LENGTH (SCRATCH_X))
                0x20042000                __StackTop = (ORIGIN (SCRATCH_Y) + LENGTH (SCRATCH_Y))
                0x20041000                __StackOneBottom = (__StackOneTop - SIZEOF (.stack1_dummy))
                0x20041800                __StackBottom = (__StackTop - SIZEOF (.stack_dummy))
                0x20042000                PROVIDE (__stack = __StackTop)
                [!provide]                PROVIDE (__heap_start = __end__)
                [!provide]                PROVIDE (__heap_end = __HeapLimit)
                [!provide]                PROVIDE (__tls_align = MAX (ALIGNOF (.tdata), ALIGNOF (.tbss)))
                [!provide]                PROVIDE (__tls_size_align = (((__tls_size + __tls_align) - 0x1) & ~ ((__tls_align - 0x1))))
                [!provide]                PROVIDE (__arm32_tls_tcb_offset = MAX (0x8, __tls_align))
                [!provide]                PROVIDE (_end = __end__)
                [!provide]                PROVIDE (__llvm_libc_heap_limit = __HeapLimit)
                0x00000001                ASSERT ((__StackLimit >= __HeapLimit), region RAM overflowed)
                0x00000001                ASSERT (((__binary_info_header_end - __logical_binary_start) <= 0x100), Binary info must be in first 256 bytes of the binary)
LOAD CMakeFiles/blink.dir/main.c.obj
LOAD CMakeFiles/blink.dir/C_/VSARM/sdk/pico/pico-sdk/src/rp2_common/pico_stdlib/stdlib.c.obj
LOAD CMakeFiles/blink.dir/C_/VSARM/sdk/pico/pico-sdk/src/rp2_common/hardware_gpio/gpio.c.obj
LOAD CMakeFiles/blink.dir/C_/VSARM/sdk/pico/pico-sdk/src/rp2040/pico_platform/platform.c.obj
LOAD CMakeFiles/blink.dir/C_/VSARM/sdk/pico/pico-sdk/src/rp2_common/pico_platform_panic/panic.c.obj
LOAD CMakeFiles/blink.dir/C_/VSARM/sdk/pico/pico-sdk/src/common/hardware_claim/claim.c.obj
LOAD CMakeFiles/blink.dir/C_/VSARM/sdk/pico/pico-sdk/src/rp2_common/hardware_sync/sync.c.obj
LOAD CMakeFiles/blink.dir/C_/VSARM/sdk/pico/pico-sdk/src/rp2_common/hardware_sync_spin_lock/sync_spin_lock.c.obj
LOAD CMakeFiles/blink.dir/C_/VSARM/sdk/pico/pico-sdk/src/rp2_common/hardware_irq/irq.c.obj
LOAD CMakeFiles/blink.dir/C_/VSARM/sdk/pico/pico-sdk/src/rp2_common/hardware_irq/irq_handler_chain.S.obj
LOAD CMakeFiles/blink.dir/C_/VSARM/sdk/pico/pico-sdk/src/common/pico_sync/sem.c.obj
LOAD CMakeFiles/blink.dir/C_/VSARM/sdk/pico/pico-sdk/src/common/pico_sync/lock_core.c.obj
LOAD CMakeFiles/blink.dir/C_/VSARM/sdk/pico/pico-sdk/src/common/pico_sync/mutex.c.obj
LOAD CMakeFiles/blink.dir/C_/VSARM/sdk/pico/pico-sdk/src/common/pico_sync/critical_section.c.obj
LOAD CMakeFiles/blink.dir/C_/VSARM/sdk/pico/pico-sdk/src/common/pico_time/time.c.obj
LOAD CMakeFiles/blink.dir/C_/VSARM/sdk/pico/pico-sdk/src/common/pico_time/timeout_helper.c.obj
LOAD CMakeFiles/blink.dir/C_/VSARM/sdk/pico/pico-sdk/src/rp2_common/hardware_timer/timer.c.obj
LOAD CMakeFiles/blink.dir/C_/VSARM/sdk/pico/pico-sdk/src/common/pico_util/datetime.c.obj
LOAD CMakeFiles/blink.dir/C_/VSARM/sdk/pico/pico-sdk/src/common/pico_util/pheap.c.obj
LOAD CMakeFiles/blink.dir/C_/VSARM/sdk/pico/pico-sdk/src/common/pico_util/queue.c.obj
LOAD CMakeFiles/blink.dir/C_/VSARM/sdk/pico/pico-sdk/src/rp2_common/hardware_uart/uart.c.obj
LOAD CMakeFiles/blink.dir/C_/VSARM/sdk/pico/pico-sdk/src/rp2_common/hardware_clocks/clocks.c.obj
LOAD CMakeFiles/blink.dir/C_/VSARM/sdk/pico/pico-sdk/src/rp2_common/hardware_pll/pll.c.obj
LOAD CMakeFiles/blink.dir/C_/VSARM/sdk/pico/pico-sdk/src/rp2_common/hardware_vreg/vreg.c.obj
LOAD CMakeFiles/blink.dir/C_/VSARM/sdk/pico/pico-sdk/src/rp2_common/hardware_watchdog/watchdog.c.obj
LOAD CMakeFiles/blink.dir/C_/VSARM/sdk/pico/pico-sdk/src/rp2_common/hardware_ticks/ticks.c.obj
LOAD CMakeFiles/blink.dir/C_/VSARM/sdk/pico/pico-sdk/src/rp2_common/hardware_xosc/xosc.c.obj
LOAD CMakeFiles/blink.dir/C_/VSARM/sdk/pico/pico-sdk/src/rp2_common/hardware_divider/divider.S.obj
LOAD CMakeFiles/blink.dir/C_/VSARM/sdk/pico/pico-sdk/src/rp2_common/pico_runtime/runtime.c.obj
LOAD CMakeFiles/blink.dir/C_/VSARM/sdk/pico/pico-sdk/src/rp2_common/pico_runtime_init/runtime_init.c.obj
LOAD CMakeFiles/blink.dir/C_/VSARM/sdk/pico/pico-sdk/src/rp2_common/pico_runtime_init/runtime_init_clocks.c.obj
LOAD CMakeFiles/blink.dir/C_/VSARM/sdk/pico/pico-sdk/src/rp2_common/pico_runtime_init/runtime_init_stack_guard.c.obj
LOAD CMakeFiles/blink.dir/C_/VSARM/sdk/pico/pico-sdk/src/rp2_common/pico_bit_ops/bit_ops_aeabi.S.obj
LOAD CMakeFiles/blink.dir/C_/VSARM/sdk/pico/pico-sdk/src/rp2_common/pico_bootrom/bootrom.c.obj
LOAD CMakeFiles/blink.dir/C_/VSARM/sdk/pico/pico-sdk/src/rp2_common/pico_bootrom/bootrom_lock.c.obj
LOAD CMakeFiles/blink.dir/C_/VSARM/sdk/pico/pico-sdk/src/rp2_common/hardware_boot_lock/boot_lock.c.obj
LOAD CMakeFiles/blink.dir/C_/VSARM/sdk/pico/pico-sdk/src/rp2_common/pico_divider/divider_hardware.S.obj
LOAD CMakeFiles/blink.dir/C_/VSARM/sdk/pico/pico-sdk/src/rp2_common/pico_double/double_aeabi_rp2040.S.obj
LOAD CMakeFiles/blink.dir/C_/VSARM/sdk/pico/pico-sdk/src/rp2_common/pico_double/double_init_rom_rp2040.c.obj
LOAD CMakeFiles/blink.dir/C_/VSARM/sdk/pico/pico-sdk/src/rp2_common/pico_double/double_math.c.obj
LOAD CMakeFiles/blink.dir/C_/VSARM/sdk/pico/pico-sdk/src/rp2_common/pico_double/double_v1_rom_shim_rp2040.S.obj
LOAD CMakeFiles/blink.dir/C_/VSARM/sdk/pico/pico-sdk/src/rp2_common/pico_int64_ops/pico_int64_ops_aeabi.S.obj
LOAD CMakeFiles/blink.dir/C_/VSARM/sdk/pico/pico-sdk/src/rp2_common/pico_float/float_aeabi_rp2040.S.obj
LOAD CMakeFiles/blink.dir/C_/VSARM/sdk/pico/pico-sdk/src/rp2_common/pico_float/float_init_rom_rp2040.c.obj
LOAD CMakeFiles/blink.dir/C_/VSARM/sdk/pico/pico-sdk/src/rp2_common/pico_float/float_math.c.obj
LOAD CMakeFiles/blink.dir/C_/VSARM/sdk/pico/pico-sdk/src/rp2_common/pico_float/float_v1_rom_shim_rp2040.S.obj
LOAD CMakeFiles/blink.dir/C_/VSARM/sdk/pico/pico-sdk/src/rp2_common/pico_malloc/malloc.c.obj
LOAD CMakeFiles/blink.dir/C_/VSARM/sdk/pico/pico-sdk/src/rp2_common/pico_mem_ops/mem_ops_aeabi.S.obj
LOAD CMakeFiles/blink.dir/C_/VSARM/sdk/pico/pico-sdk/src/rp2_common/pico_atomic/atomic.c.obj
LOAD CMakeFiles/blink.dir/C_/VSARM/sdk/pico/pico-sdk/src/rp2_common/pico_cxx_options/new_delete.cpp.obj
LOAD CMakeFiles/blink.dir/C_/VSARM/sdk/pico/pico-sdk/src/rp2_common/pico_standard_binary_info/standard_binary_info.c.obj
LOAD CMakeFiles/blink.dir/C_/VSARM/sdk/pico/pico-sdk/src/rp2_common/pico_printf/printf.c.obj
LOAD CMakeFiles/blink.dir/C_/VSARM/sdk/pico/pico-sdk/src/rp2_common/pico_crt0/crt0.S.obj
LOAD CMakeFiles/blink.dir/C_/VSARM/sdk/pico/pico-sdk/src/rp2_common/pico_clib_interface/newlib_interface.c.obj
LOAD CMakeFiles/blink.dir/C_/VSARM/sdk/pico/pico-sdk/src/rp2_common/pico_stdio/stdio.c.obj
LOAD C:\Users\Dell\AppData\Local\Temp\cci30VBg.o
LOAD c:/vsarm/armcc/102021~1.10/bin/../lib/gcc/arm-none-eabi/10.3.1/../../../../arm-none-eabi/lib/thumb/v6-m/nofp\libstdc++.a
LOAD c:/vsarm/armcc/102021~1.10/bin/../lib/gcc/arm-none-eabi/10.3.1/../../../../arm-none-eabi/lib/thumb/v6-m/nofp\libm.a
START GROUP
LOAD c:/vsarm/armcc/102021~1.10/bin/../lib/gcc/arm-none-eabi/10.3.1/thumb/v6-m/nofp\libgcc.a
LOAD c:/vsarm/armcc/102021~1.10/bin/../lib/gcc/arm-none-eabi/10.3.1/../../../../arm-none-eabi/lib/thumb/v6-m/nofp\libg.a
LOAD c:/vsarm/armcc/102021~1.10/bin/../lib/gcc/arm-none-eabi/10.3.1/../../../../arm-none-eabi/lib/thumb/v6-m/nofp\libc.a
END GROUP
START GROUP
LOAD c:/vsarm/armcc/102021~1.10/bin/../lib/gcc/arm-none-eabi/10.3.1/thumb/v6-m/nofp\libgcc.a
LOAD c:/vsarm/armcc/102021~1.10/bin/../lib/gcc/arm-none-eabi/10.3.1/../../../../arm-none-eabi/lib/thumb/v6-m/nofp\libc.a
LOAD c:/vsarm/armcc/102021~1.10/bin/../lib/gcc/arm-none-eabi/10.3.1/../../../../arm-none-eabi/lib/thumb/v6-m/nofp\libnosys.a
END GROUP
LOAD c:/vsarm/armcc/102021~1.10/bin/../lib/gcc/arm-none-eabi/10.3.1/thumb/v6-m/nofp/crtend.o
LOAD c:/vsarm/armcc/102021~1.10/bin/../lib/gcc/arm-none-eabi/10.3.1/thumb/v6-m/nofp/crtn.o
OUTPUT(blink.elf elf32-littlearm)
LOAD linker stubs

.ARM.attributes
                0x00000000       0x28
 .ARM.attributes
                0x00000000       0x1e c:/vsarm/armcc/102021~1.10/bin/../lib/gcc/arm-none-eabi/10.3.1/thumb/v6-m/nofp/crti.o
 .ARM.attributes
                0x0000001e       0x2c c:/vsarm/armcc/102021~1.10/bin/../lib/gcc/arm-none-eabi/10.3.1/thumb/v6-m/nofp/crtbegin.o
 .ARM.attributes
                0x0000004a       0x2c CMakeFiles/blink.dir/main.c.obj
 .ARM.attributes
                0x00000076       0x2c CMakeFiles/blink.dir/C_/VSARM/sdk/pico/pico-sdk/src/rp2_common/hardware_gpio/gpio.c.obj
 .ARM.attributes
                0x000000a2       0x2c CMakeFiles/blink.dir/C_/VSARM/sdk/pico/pico-sdk/src/rp2_common/pico_platform_panic/panic.c.obj
 .ARM.attributes
                0x000000ce       0x2c CMakeFiles/blink.dir/C_/VSARM/sdk/pico/pico-sdk/src/common/hardware_claim/claim.c.obj
 .ARM.attributes
                0x000000fa       0x2c CMakeFiles/blink.dir/C_/VSARM/sdk/pico/pico-sdk/src/rp2_common/hardware_sync/sync.c.obj
 .ARM.attributes
                0x00000126       0x2c CMakeFiles/blink.dir/C_/VSARM/sdk/pico/pico-sdk/src/rp2_common/hardware_sync_spin_lock/sync_spin_lock.c.obj
 .ARM.attributes
                0x00000152       0x2c CMakeFiles/blink.dir/C_/VSARM/sdk/pico/pico-sdk/src/rp2_common/hardware_irq/irq.c.obj
 .ARM.attributes
                0x0000017e       0x2c CMakeFiles/blink.dir/C_/VSARM/sdk/pico/pico-sdk/src/common/pico_sync/lock_core.c.obj
 .ARM.attributes
                0x000001aa       0x2c CMakeFiles/blink.dir/C_/VSARM/sdk/pico/pico-sdk/src/common/pico_sync/mutex.c.obj
 .ARM.attributes
                0x000001d6       0x2c CMakeFiles/blink.dir/C_/VSARM/sdk/pico/pico-sdk/src/common/pico_time/time.c.obj
 .ARM.attributes
                0x00000202       0x2c CMakeFiles/blink.dir/C_/VSARM/sdk/pico/pico-sdk/src/rp2_common/hardware_timer/timer.c.obj
 .ARM.attributes
                0x0000022e       0x2c CMakeFiles/blink.dir/C_/VSARM/sdk/pico/pico-sdk/src/rp2_common/hardware_clocks/clocks.c.obj
 .ARM.attributes
                0x0000025a       0x2c CMakeFiles/blink.dir/C_/VSARM/sdk/pico/pico-sdk/src/rp2_common/hardware_pll/pll.c.obj
 .ARM.attributes
                0x00000286       0x2c CMakeFiles/blink.dir/C_/VSARM/sdk/pico/pico-sdk/src/rp2_common/hardware_ticks/ticks.c.obj
 .ARM.attributes
                0x000002b2       0x2c CMakeFiles/blink.dir/C_/VSARM/sdk/pico/pico-sdk/src/rp2_common/hardware_xosc/xosc.c.obj
 .ARM.attributes
                0x000002de       0x2c CMakeFiles/blink.dir/C_/VSARM/sdk/pico/pico-sdk/src/rp2_common/pico_runtime/runtime.c.obj
 .ARM.attributes
                0x0000030a       0x2c CMakeFiles/blink.dir/C_/VSARM/sdk/pico/pico-sdk/src/rp2_common/pico_runtime_init/runtime_init.c.obj
 .ARM.attributes
                0x00000336       0x2c CMakeFiles/blink.dir/C_/VSARM/sdk/pico/pico-sdk/src/rp2_common/pico_runtime_init/runtime_init_clocks.c.obj
 .ARM.attributes
                0x00000362       0x22 CMakeFiles/blink.dir/C_/VSARM/sdk/pico/pico-sdk/src/rp2_common/pico_bit_ops/bit_ops_aeabi.S.obj
 .ARM.attributes
                0x00000384       0x2c CMakeFiles/blink.dir/C_/VSARM/sdk/pico/pico-sdk/src/rp2_common/pico_bootrom/bootrom.c.obj
 .ARM.attributes
                0x000003b0       0x22 CMakeFiles/blink.dir/C_/VSARM/sdk/pico/pico-sdk/src/rp2_common/pico_divider/divider_hardware.S.obj
 .ARM.attributes
                0x000003d2       0x22 CMakeFiles/blink.dir/C_/VSARM/sdk/pico/pico-sdk/src/rp2_common/pico_double/double_aeabi_rp2040.S.obj
 .ARM.attributes
                0x000003f4       0x2c CMakeFiles/blink.dir/C_/VSARM/sdk/pico/pico-sdk/src/rp2_common/pico_double/double_init_rom_rp2040.c.obj
 .ARM.attributes
                0x00000420       0x22 CMakeFiles/blink.dir/C_/VSARM/sdk/pico/pico-sdk/src/rp2_common/pico_double/double_v1_rom_shim_rp2040.S.obj
 .ARM.attributes
                0x00000442       0x22 CMakeFiles/blink.dir/C_/VSARM/sdk/pico/pico-sdk/src/rp2_common/pico_int64_ops/pico_int64_ops_aeabi.S.obj
 .ARM.attributes
                0x00000464       0x22 CMakeFiles/blink.dir/C_/VSARM/sdk/pico/pico-sdk/src/rp2_common/pico_float/float_aeabi_rp2040.S.obj
 .ARM.attributes
                0x00000486       0x2c CMakeFiles/blink.dir/C_/VSARM/sdk/pico/pico-sdk/src/rp2_common/pico_float/float_init_rom_rp2040.c.obj
 .ARM.attributes
                0x000004b2       0x22 CMakeFiles/blink.dir/C_/VSARM/sdk/pico/pico-sdk/src/rp2_common/pico_float/float_v1_rom_shim_rp2040.S.obj
 .ARM.attributes
                0x000004d4       0x22 CMakeFiles/blink.dir/C_/VSARM/sdk/pico/pico-sdk/src/rp2_common/pico_mem_ops/mem_ops_aeabi.S.obj
 .ARM.attributes
                0x000004f6       0x2c CMakeFiles/blink.dir/C_/VSARM/sdk/pico/pico-sdk/src/rp2_common/pico_standard_binary_info/standard_binary_info.c.obj
 .ARM.attributes
                0x00000522       0x2c CMakeFiles/blink.dir/C_/VSARM/sdk/pico/pico-sdk/src/rp2_common/pico_printf/printf.c.obj
 .ARM.attributes
                0x0000054e       0x22 CMakeFiles/blink.dir/C_/VSARM/sdk/pico/pico-sdk/src/rp2_common/pico_crt0/crt0.S.obj
 .ARM.attributes
                0x00000570       0x2c CMakeFiles/blink.dir/C_/VSARM/sdk/pico/pico-sdk/src/rp2_common/pico_clib_interface/newlib_interface.c.obj
 .ARM.attributes
                0x0000059c       0x2c CMakeFiles/blink.dir/C_/VSARM/sdk/pico/pico-sdk/src/rp2_common/pico_stdio/stdio.c.obj
 .ARM.attributes
                0x000005c8       0x22 C:\Users\Dell\AppData\Local\Temp\cci30VBg.o
 .ARM.attributes
                0x000005ea       0x1e c:/vsarm/armcc/102021~1.10/bin/../lib/gcc/arm-none-eabi/10.3.1/thumb/v6-m/nofp\libgcc.a(_dvmd_tls.o)
 .ARM.attributes
                0x00000608       0x2c c:/vsarm/armcc/102021~1.10/bin/../lib/gcc/arm-none-eabi/10.3.1/../../../../arm-none-eabi/lib/thumb/v6-m/nofp\libg.a(lib_a-strlen-stub.o)

.comment        0x00000000       0x49
 .comment       0x00000000       0x49 CMakeFiles/blink.dir/main.c.obj
                                 0x4a (size before relaxing)
 .comment       0x00000049       0x4a CMakeFiles/blink.dir/C_/VSARM/sdk/pico/pico-sdk/src/rp2_common/hardware_gpio/gpio.c.obj
 .comment       0x00000049       0x4a CMakeFiles/blink.dir/C_/VSARM/sdk/pico/pico-sdk/src/rp2_common/pico_platform_panic/panic.c.obj
 .comment       0x00000049       0x4a CMakeFiles/blink.dir/C_/VSARM/sdk/pico/pico-sdk/src/common/hardware_claim/claim.c.obj
 .comment       0x00000049       0x4a CMakeFiles/blink.dir/C_/VSARM/sdk/pico/pico-sdk/src/rp2_common/hardware_sync/sync.c.obj
 .comment       0x00000049       0x4a CMakeFiles/blink.dir/C_/VSARM/sdk/pico/pico-sdk/src/rp2_common/hardware_sync_spin_lock/sync_spin_lock.c.obj
 .comment       0x00000049       0x4a CMakeFiles/blink.dir/C_/VSARM/sdk/pico/pico-sdk/src/rp2_common/hardware_irq/irq.c.obj
 .comment       0x00000049       0x4a CMakeFiles/blink.dir/C_/VSARM/sdk/pico/pico-sdk/src/common/pico_sync/lock_core.c.obj
 .comment       0x00000049       0x4a CMakeFiles/blink.dir/C_/VSARM/sdk/pico/pico-sdk/src/common/pico_sync/mutex.c.obj
 .comment       0x00000049       0x4a CMakeFiles/blink.dir/C_/VSARM/sdk/pico/pico-sdk/src/common/pico_time/time.c.obj
 .comment       0x00000049       0x4a CMakeFiles/blink.dir/C_/VSARM/sdk/pico/pico-sdk/src/rp2_common/hardware_timer/timer.c.obj
 .comment       0x00000049       0x4a CMakeFiles/blink.dir/C_/VSARM/sdk/pico/pico-sdk/src/rp2_common/hardware_clocks/clocks.c.obj
 .comment       0x00000049       0x4a CMakeFiles/blink.dir/C_/VSARM/sdk/pico/pico-sdk/src/rp2_common/hardware_pll/pll.c.obj
 .comment       0x00000049       0x4a CMakeFiles/blink.dir/C_/VSARM/sdk/pico/pico-sdk/src/rp2_common/hardware_ticks/ticks.c.obj
 .comment       0x00000049       0x4a CMakeFiles/blink.dir/C_/VSARM/sdk/pico/pico-sdk/src/rp2_common/hardware_xosc/xosc.c.obj
 .comment       0x00000049       0x4a CMakeFiles/blink.dir/C_/VSARM/sdk/pico/pico-sdk/src/rp2_common/pico_runtime/runtime.c.obj
 .comment       0x00000049       0x4a CMakeFiles/blink.dir/C_/VSARM/sdk/pico/pico-sdk/src/rp2_common/pico_runtime_init/runtime_init.c.obj
 .comment       0x00000049       0x4a CMakeFiles/blink.dir/C_/VSARM/sdk/pico/pico-sdk/src/rp2_common/pico_runtime_init/runtime_init_clocks.c.obj
 .comment       0x00000049       0x4a CMakeFiles/blink.dir/C_/VSARM/sdk/pico/pico-sdk/src/rp2_common/pico_bootrom/bootrom.c.obj
 .comment       0x00000049       0x4a CMakeFiles/blink.dir/C_/VSARM/sdk/pico/pico-sdk/src/rp2_common/pico_double/double_init_rom_rp2040.c.obj
 .comment       0x00000049       0x4a CMakeFiles/blink.dir/C_/VSARM/sdk/pico/pico-sdk/src/rp2_common/pico_float/float_init_rom_rp2040.c.obj
 .comment       0x00000049       0x4a CMakeFiles/blink.dir/C_/VSARM/sdk/pico/pico-sdk/src/rp2_common/pico_standard_binary_info/standard_binary_info.c.obj
 .comment       0x00000049       0x4a CMakeFiles/blink.dir/C_/VSARM/sdk/pico/pico-sdk/src/rp2_common/pico_printf/printf.c.obj
 .comment       0x00000049       0x4a CMakeFiles/blink.dir/C_/VSARM/sdk/pico/pico-sdk/src/rp2_common/pico_clib_interface/newlib_interface.c.obj
 .comment       0x00000049       0x4a CMakeFiles/blink.dir/C_/VSARM/sdk/pico/pico-sdk/src/rp2_common/pico_stdio/stdio.c.obj

.debug_info     0x00000000    0x13df0
 .debug_info    0x00000000      0xb5e CMakeFiles/blink.dir/main.c.obj
 .debug_info    0x00000b5e     0x1d56 CMakeFiles/blink.dir/C_/VSARM/sdk/pico/pico-sdk/src/rp2_common/hardware_gpio/gpio.c.obj
 .debug_info    0x000028b4      0x19c CMakeFiles/blink.dir/C_/VSARM/sdk/pico/pico-sdk/src/rp2_common/pico_platform_panic/panic.c.obj
 .debug_info    0x00002a50      0x6d2 CMakeFiles/blink.dir/C_/VSARM/sdk/pico/pico-sdk/src/common/hardware_claim/claim.c.obj
 .debug_info    0x00003122      0x409 CMakeFiles/blink.dir/C_/VSARM/sdk/pico/pico-sdk/src/rp2_common/hardware_sync/sync.c.obj
 .debug_info    0x0000352b      0x2de CMakeFiles/blink.dir/C_/VSARM/sdk/pico/pico-sdk/src/rp2_common/hardware_sync_spin_lock/sync_spin_lock.c.obj
 .debug_info    0x00003809     0x200a CMakeFiles/blink.dir/C_/VSARM/sdk/pico/pico-sdk/src/rp2_common/hardware_irq/irq.c.obj
 .debug_info    0x00005813      0x1b0 CMakeFiles/blink.dir/C_/VSARM/sdk/pico/pico-sdk/src/common/pico_sync/lock_core.c.obj
 .debug_info    0x000059c3     0x1f7f CMakeFiles/blink.dir/C_/VSARM/sdk/pico/pico-sdk/src/common/pico_sync/mutex.c.obj
 .debug_info    0x00007942     0x33cf CMakeFiles/blink.dir/C_/VSARM/sdk/pico/pico-sdk/src/common/pico_time/time.c.obj
 .debug_info    0x0000ad11     0x1986 CMakeFiles/blink.dir/C_/VSARM/sdk/pico/pico-sdk/src/rp2_common/hardware_timer/timer.c.obj
 .debug_info    0x0000c697     0x14fa CMakeFiles/blink.dir/C_/VSARM/sdk/pico/pico-sdk/src/rp2_common/hardware_clocks/clocks.c.obj
 .debug_info    0x0000db91      0x663 CMakeFiles/blink.dir/C_/VSARM/sdk/pico/pico-sdk/src/rp2_common/hardware_pll/pll.c.obj
 .debug_info    0x0000e1f4      0x2c4 CMakeFiles/blink.dir/C_/VSARM/sdk/pico/pico-sdk/src/rp2_common/hardware_ticks/ticks.c.obj
 .debug_info    0x0000e4b8      0x1e1 CMakeFiles/blink.dir/C_/VSARM/sdk/pico/pico-sdk/src/rp2_common/hardware_xosc/xosc.c.obj
 .debug_info    0x0000e699      0x1b2 CMakeFiles/blink.dir/C_/VSARM/sdk/pico/pico-sdk/src/rp2_common/pico_runtime/runtime.c.obj
 .debug_info    0x0000e84b      0x7e4 CMakeFiles/blink.dir/C_/VSARM/sdk/pico/pico-sdk/src/rp2_common/pico_runtime_init/runtime_init.c.obj
 .debug_info    0x0000f02f      0x6fd CMakeFiles/blink.dir/C_/VSARM/sdk/pico/pico-sdk/src/rp2_common/pico_runtime_init/runtime_init_clocks.c.obj
 .debug_info    0x0000f72c       0x22 CMakeFiles/blink.dir/C_/VSARM/sdk/pico/pico-sdk/src/rp2_common/pico_bit_ops/bit_ops_aeabi.S.obj
 .debug_info    0x0000f74e      0x325 CMakeFiles/blink.dir/C_/VSARM/sdk/pico/pico-sdk/src/rp2_common/pico_bootrom/bootrom.c.obj
 .debug_info    0x0000fa73       0x22 CMakeFiles/blink.dir/C_/VSARM/sdk/pico/pico-sdk/src/rp2_common/pico_divider/divider_hardware.S.obj
 .debug_info    0x0000fa95       0x22 CMakeFiles/blink.dir/C_/VSARM/sdk/pico/pico-sdk/src/rp2_common/pico_double/double_aeabi_rp2040.S.obj
 .debug_info    0x0000fab7      0x2e3 CMakeFiles/blink.dir/C_/VSARM/sdk/pico/pico-sdk/src/rp2_common/pico_double/double_init_rom_rp2040.c.obj
 .debug_info    0x0000fd9a       0x22 CMakeFiles/blink.dir/C_/VSARM/sdk/pico/pico-sdk/src/rp2_common/pico_double/double_v1_rom_shim_rp2040.S.obj
 .debug_info    0x0000fdbc       0x26 CMakeFiles/blink.dir/C_/VSARM/sdk/pico/pico-sdk/src/rp2_common/pico_int64_ops/pico_int64_ops_aeabi.S.obj
 .debug_info    0x0000fde2       0x22 CMakeFiles/blink.dir/C_/VSARM/sdk/pico/pico-sdk/src/rp2_common/pico_float/float_aeabi_rp2040.S.obj
 .debug_info    0x0000fe04      0x2e9 CMakeFiles/blink.dir/C_/VSARM/sdk/pico/pico-sdk/src/rp2_common/pico_float/float_init_rom_rp2040.c.obj
 .debug_info    0x000100ed       0x22 CMakeFiles/blink.dir/C_/VSARM/sdk/pico/pico-sdk/src/rp2_common/pico_float/float_v1_rom_shim_rp2040.S.obj
 .debug_info    0x0001010f       0x22 CMakeFiles/blink.dir/C_/VSARM/sdk/pico/pico-sdk/src/rp2_common/pico_mem_ops/mem_ops_aeabi.S.obj
 .debug_info    0x00010131      0x2ca CMakeFiles/blink.dir/C_/VSARM/sdk/pico/pico-sdk/src/rp2_common/pico_standard_binary_info/standard_binary_info.c.obj
 .debug_info    0x000103fb     0x1a5e CMakeFiles/blink.dir/C_/VSARM/sdk/pico/pico-sdk/src/rp2_common/pico_printf/printf.c.obj
 .debug_info    0x00011e59       0x22 CMakeFiles/blink.dir/C_/VSARM/sdk/pico/pico-sdk/src/rp2_common/pico_crt0/crt0.S.obj
 .debug_info    0x00011e7b      0xbb4 CMakeFiles/blink.dir/C_/VSARM/sdk/pico/pico-sdk/src/rp2_common/pico_clib_interface/newlib_interface.c.obj
 .debug_info    0x00012a2f     0x13c1 CMakeFiles/blink.dir/C_/VSARM/sdk/pico/pico-sdk/src/rp2_common/pico_stdio/stdio.c.obj

.debug_abbrev   0x00000000     0x4125
 .debug_abbrev  0x00000000      0x1f1 CMakeFiles/blink.dir/main.c.obj
 .debug_abbrev  0x000001f1      0x402 CMakeFiles/blink.dir/C_/VSARM/sdk/pico/pico-sdk/src/rp2_common/hardware_gpio/gpio.c.obj
 .debug_abbrev  0x000005f3       0xf4 CMakeFiles/blink.dir/C_/VSARM/sdk/pico/pico-sdk/src/rp2_common/pico_platform_panic/panic.c.obj
 .debug_abbrev  0x000006e7      0x2d6 CMakeFiles/blink.dir/C_/VSARM/sdk/pico/pico-sdk/src/common/hardware_claim/claim.c.obj
 .debug_abbrev  0x000009bd      0x1df CMakeFiles/blink.dir/C_/VSARM/sdk/pico/pico-sdk/src/rp2_common/hardware_sync/sync.c.obj
 .debug_abbrev  0x00000b9c      0x1f0 CMakeFiles/blink.dir/C_/VSARM/sdk/pico/pico-sdk/src/rp2_common/hardware_sync_spin_lock/sync_spin_lock.c.obj
 .debug_abbrev  0x00000d8c      0x58e CMakeFiles/blink.dir/C_/VSARM/sdk/pico/pico-sdk/src/rp2_common/hardware_irq/irq.c.obj
 .debug_abbrev  0x0000131a      0x116 CMakeFiles/blink.dir/C_/VSARM/sdk/pico/pico-sdk/src/common/pico_sync/lock_core.c.obj
 .debug_abbrev  0x00001430      0x3b6 CMakeFiles/blink.dir/C_/VSARM/sdk/pico/pico-sdk/src/common/pico_sync/mutex.c.obj
 .debug_abbrev  0x000017e6      0x5b8 CMakeFiles/blink.dir/C_/VSARM/sdk/pico/pico-sdk/src/common/pico_time/time.c.obj
 .debug_abbrev  0x00001d9e      0x473 CMakeFiles/blink.dir/C_/VSARM/sdk/pico/pico-sdk/src/rp2_common/hardware_timer/timer.c.obj
 .debug_abbrev  0x00002211      0x3e8 CMakeFiles/blink.dir/C_/VSARM/sdk/pico/pico-sdk/src/rp2_common/hardware_clocks/clocks.c.obj
 .debug_abbrev  0x000025f9      0x21a CMakeFiles/blink.dir/C_/VSARM/sdk/pico/pico-sdk/src/rp2_common/hardware_pll/pll.c.obj
 .debug_abbrev  0x00002813      0x14e CMakeFiles/blink.dir/C_/VSARM/sdk/pico/pico-sdk/src/rp2_common/hardware_ticks/ticks.c.obj
 .debug_abbrev  0x00002961      0x11a CMakeFiles/blink.dir/C_/VSARM/sdk/pico/pico-sdk/src/rp2_common/hardware_xosc/xosc.c.obj
 .debug_abbrev  0x00002a7b      0x11c CMakeFiles/blink.dir/C_/VSARM/sdk/pico/pico-sdk/src/rp2_common/pico_runtime/runtime.c.obj
 .debug_abbrev  0x00002b97      0x20c CMakeFiles/blink.dir/C_/VSARM/sdk/pico/pico-sdk/src/rp2_common/pico_runtime_init/runtime_init.c.obj
 .debug_abbrev  0x00002da3      0x266 CMakeFiles/blink.dir/C_/VSARM/sdk/pico/pico-sdk/src/rp2_common/pico_runtime_init/runtime_init_clocks.c.obj
 .debug_abbrev  0x00003009       0x12 CMakeFiles/blink.dir/C_/VSARM/sdk/pico/pico-sdk/src/rp2_common/pico_bit_ops/bit_ops_aeabi.S.obj
 .debug_abbrev  0x0000301b      0x177 CMakeFiles/blink.dir/C_/VSARM/sdk/pico/pico-sdk/src/rp2_common/pico_bootrom/bootrom.c.obj
 .debug_abbrev  0x00003192       0x12 CMakeFiles/blink.dir/C_/VSARM/sdk/pico/pico-sdk/src/rp2_common/pico_divider/divider_hardware.S.obj
 .debug_abbrev  0x000031a4       0x12 CMakeFiles/blink.dir/C_/VSARM/sdk/pico/pico-sdk/src/rp2_common/pico_double/double_aeabi_rp2040.S.obj
 .debug_abbrev  0x000031b6      0x166 CMakeFiles/blink.dir/C_/VSARM/sdk/pico/pico-sdk/src/rp2_common/pico_double/double_init_rom_rp2040.c.obj
 .debug_abbrev  0x0000331c       0x12 CMakeFiles/blink.dir/C_/VSARM/sdk/pico/pico-sdk/src/rp2_common/pico_double/double_v1_rom_shim_rp2040.S.obj
 .debug_abbrev  0x0000332e       0x14 CMakeFiles/blink.dir/C_/VSARM/sdk/pico/pico-sdk/src/rp2_common/pico_int64_ops/pico_int64_ops_aeabi.S.obj
 .debug_abbrev  0x00003342       0x12 CMakeFiles/blink.dir/C_/VSARM/sdk/pico/pico-sdk/src/rp2_common/pico_float/float_aeabi_rp2040.S.obj
 .debug_abbrev  0x00003354      0x179 CMakeFiles/blink.dir/C_/VSARM/sdk/pico/pico-sdk/src/rp2_common/pico_float/float_init_rom_rp2040.c.obj
 .debug_abbrev  0x000034cd       0x12 CMakeFiles/blink.dir/C_/VSARM/sdk/pico/pico-sdk/src/rp2_common/pico_float/float_v1_rom_shim_rp2040.S.obj
 .debug_abbrev  0x000034df       0x12 CMakeFiles/blink.dir/C_/VSARM/sdk/pico/pico-sdk/src/rp2_common/pico_mem_ops/mem_ops_aeabi.S.obj
 .debug_abbrev  0x000034f1       0xad CMakeFiles/blink.dir/C_/VSARM/sdk/pico/pico-sdk/src/rp2_common/pico_standard_binary_info/standard_binary_info.c.obj
 .debug_abbrev  0x0000359e      0x3a2 CMakeFiles/blink.dir/C_/VSARM/sdk/pico/pico-sdk/src/rp2_common/pico_printf/printf.c.obj
 .debug_abbrev  0x00003940       0x12 CMakeFiles/blink.dir/C_/VSARM/sdk/pico/pico-sdk/src/rp2_common/pico_crt0/crt0.S.obj
 .debug_abbrev  0x00003952      0x33c CMakeFiles/blink.dir/C_/VSARM/sdk/pico/pico-sdk/src/rp2_common/pico_clib_interface/newlib_interface.c.obj
 .debug_abbrev  0x00003c8e      0x497 CMakeFiles/blink.dir/C_/VSARM/sdk/pico/pico-sdk/src/rp2_common/pico_stdio/stdio.c.obj

.debug_loc      0x00000000     0xc65d
 .debug_loc     0x00000000      0x3c8 CMakeFiles/blink.dir/main.c.obj
 .debug_loc     0x000003c8     0x15b8 CMakeFiles/blink.dir/C_/VSARM/sdk/pico/pico-sdk/src/rp2_common/hardware_gpio/gpio.c.obj
 .debug_loc     0x00001980      0x45f CMakeFiles/blink.dir/C_/VSARM/sdk/pico/pico-sdk/src/common/hardware_claim/claim.c.obj
 .debug_loc     0x00001ddf      0x13f CMakeFiles/blink.dir/C_/VSARM/sdk/pico/pico-sdk/src/rp2_common/hardware_sync/sync.c.obj
 .debug_loc     0x00001f1e       0xf4 CMakeFiles/blink.dir/C_/VSARM/sdk/pico/pico-sdk/src/rp2_common/hardware_sync_spin_lock/sync_spin_lock.c.obj
 .debug_loc     0x00002012     0x1441 CMakeFiles/blink.dir/C_/VSARM/sdk/pico/pico-sdk/src/rp2_common/hardware_irq/irq.c.obj
 .debug_loc     0x00003453       0x60 CMakeFiles/blink.dir/C_/VSARM/sdk/pico/pico-sdk/src/common/pico_sync/lock_core.c.obj
 .debug_loc     0x000034b3     0x1418 CMakeFiles/blink.dir/C_/VSARM/sdk/pico/pico-sdk/src/common/pico_sync/mutex.c.obj
 .debug_loc     0x000048cb     0x244f CMakeFiles/blink.dir/C_/VSARM/sdk/pico/pico-sdk/src/common/pico_time/time.c.obj
 .debug_loc     0x00006d1a      0xf58 CMakeFiles/blink.dir/C_/VSARM/sdk/pico/pico-sdk/src/rp2_common/hardware_timer/timer.c.obj
 .debug_loc     0x00007c72      0xe30 CMakeFiles/blink.dir/C_/VSARM/sdk/pico/pico-sdk/src/rp2_common/hardware_clocks/clocks.c.obj
 .debug_loc     0x00008aa2      0x351 CMakeFiles/blink.dir/C_/VSARM/sdk/pico/pico-sdk/src/rp2_common/hardware_pll/pll.c.obj
 .debug_loc     0x00008df3       0x57 CMakeFiles/blink.dir/C_/VSARM/sdk/pico/pico-sdk/src/rp2_common/hardware_ticks/ticks.c.obj
 .debug_loc     0x00008e4a       0x71 CMakeFiles/blink.dir/C_/VSARM/sdk/pico/pico-sdk/src/rp2_common/hardware_xosc/xosc.c.obj
 .debug_loc     0x00008ebb       0x78 CMakeFiles/blink.dir/C_/VSARM/sdk/pico/pico-sdk/src/rp2_common/pico_runtime/runtime.c.obj
 .debug_loc     0x00008f33      0x11c CMakeFiles/blink.dir/C_/VSARM/sdk/pico/pico-sdk/src/rp2_common/pico_runtime_init/runtime_init.c.obj
 .debug_loc     0x0000904f       0xbf CMakeFiles/blink.dir/C_/VSARM/sdk/pico/pico-sdk/src/rp2_common/pico_runtime_init/runtime_init_clocks.c.obj
 .debug_loc     0x0000910e      0x207 CMakeFiles/blink.dir/C_/VSARM/sdk/pico/pico-sdk/src/rp2_common/pico_bootrom/bootrom.c.obj
 .debug_loc     0x00009315       0x8c CMakeFiles/blink.dir/C_/VSARM/sdk/pico/pico-sdk/src/rp2_common/pico_double/double_init_rom_rp2040.c.obj
 .debug_loc     0x000093a1       0x73 CMakeFiles/blink.dir/C_/VSARM/sdk/pico/pico-sdk/src/rp2_common/pico_float/float_init_rom_rp2040.c.obj
 .debug_loc     0x00009414     0x2095 CMakeFiles/blink.dir/C_/VSARM/sdk/pico/pico-sdk/src/rp2_common/pico_printf/printf.c.obj
 .debug_loc     0x0000b4a9      0x5cf CMakeFiles/blink.dir/C_/VSARM/sdk/pico/pico-sdk/src/rp2_common/pico_clib_interface/newlib_interface.c.obj
 .debug_loc     0x0000ba78      0xbe5 CMakeFiles/blink.dir/C_/VSARM/sdk/pico/pico-sdk/src/rp2_common/pico_stdio/stdio.c.obj

.debug_aranges  0x00000000      0xef0
 .debug_aranges
                0x00000000       0x68 CMakeFiles/blink.dir/main.c.obj
 .debug_aranges
                0x00000068      0x128 CMakeFiles/blink.dir/C_/VSARM/sdk/pico/pico-sdk/src/rp2_common/hardware_gpio/gpio.c.obj
 .debug_aranges
                0x00000190       0x28 CMakeFiles/blink.dir/C_/VSARM/sdk/pico/pico-sdk/src/rp2_common/pico_platform_panic/panic.c.obj
 .debug_aranges
                0x000001b8       0x48 CMakeFiles/blink.dir/C_/VSARM/sdk/pico/pico-sdk/src/common/hardware_claim/claim.c.obj
 .debug_aranges
                0x00000200       0x48 CMakeFiles/blink.dir/C_/VSARM/sdk/pico/pico-sdk/src/rp2_common/hardware_sync/sync.c.obj
 .debug_aranges
                0x00000248       0x28 CMakeFiles/blink.dir/C_/VSARM/sdk/pico/pico-sdk/src/rp2_common/hardware_sync_spin_lock/sync_spin_lock.c.obj
 .debug_aranges
                0x00000270       0xd8 CMakeFiles/blink.dir/C_/VSARM/sdk/pico/pico-sdk/src/rp2_common/hardware_irq/irq.c.obj
 .debug_aranges
                0x00000348       0x20 CMakeFiles/blink.dir/C_/VSARM/sdk/pico/pico-sdk/src/common/pico_sync/lock_core.c.obj
 .debug_aranges
                0x00000368       0x98 CMakeFiles/blink.dir/C_/VSARM/sdk/pico/pico-sdk/src/common/pico_sync/mutex.c.obj
 .debug_aranges
                0x00000400       0xf0 CMakeFiles/blink.dir/C_/VSARM/sdk/pico/pico-sdk/src/common/pico_time/time.c.obj
 .debug_aranges
                0x000004f0       0xf0 CMakeFiles/blink.dir/C_/VSARM/sdk/pico/pico-sdk/src/rp2_common/hardware_timer/timer.c.obj
 .debug_aranges
                0x000005e0       0xa0 CMakeFiles/blink.dir/C_/VSARM/sdk/pico/pico-sdk/src/rp2_common/hardware_clocks/clocks.c.obj
 .debug_aranges
                0x00000680       0x28 CMakeFiles/blink.dir/C_/VSARM/sdk/pico/pico-sdk/src/rp2_common/hardware_pll/pll.c.obj
 .debug_aranges
                0x000006a8       0x30 CMakeFiles/blink.dir/C_/VSARM/sdk/pico/pico-sdk/src/rp2_common/hardware_ticks/ticks.c.obj
 .debug_aranges
                0x000006d8       0x30 CMakeFiles/blink.dir/C_/VSARM/sdk/pico/pico-sdk/src/rp2_common/hardware_xosc/xosc.c.obj
 .debug_aranges
                0x00000708       0x40 CMakeFiles/blink.dir/C_/VSARM/sdk/pico/pico-sdk/src/rp2_common/pico_runtime/runtime.c.obj
 .debug_aranges
                0x00000748       0x48 CMakeFiles/blink.dir/C_/VSARM/sdk/pico/pico-sdk/src/rp2_common/pico_runtime_init/runtime_init.c.obj
 .debug_aranges
                0x00000790       0x28 CMakeFiles/blink.dir/C_/VSARM/sdk/pico/pico-sdk/src/rp2_common/pico_runtime_init/runtime_init_clocks.c.obj
 .debug_aranges
                0x000007b8       0x60 CMakeFiles/blink.dir/C_/VSARM/sdk/pico/pico-sdk/src/rp2_common/pico_bit_ops/bit_ops_aeabi.S.obj
 .debug_aranges
                0x00000818       0x38 CMakeFiles/blink.dir/C_/VSARM/sdk/pico/pico-sdk/src/rp2_common/pico_bootrom/bootrom.c.obj
 .debug_aranges
                0x00000850       0x40 CMakeFiles/blink.dir/C_/VSARM/sdk/pico/pico-sdk/src/rp2_common/pico_divider/divider_hardware.S.obj
 .debug_aranges
                0x00000890      0x140 CMakeFiles/blink.dir/C_/VSARM/sdk/pico/pico-sdk/src/rp2_common/pico_double/double_aeabi_rp2040.S.obj
 .debug_aranges
                0x000009d0       0x20 CMakeFiles/blink.dir/C_/VSARM/sdk/pico/pico-sdk/src/rp2_common/pico_double/double_init_rom_rp2040.c.obj
 .debug_aranges
                0x000009f0       0xc8 CMakeFiles/blink.dir/C_/VSARM/sdk/pico/pico-sdk/src/rp2_common/pico_double/double_v1_rom_shim_rp2040.S.obj
 .debug_aranges
                0x00000ab8       0x20 CMakeFiles/blink.dir/C_/VSARM/sdk/pico/pico-sdk/src/rp2_common/pico_int64_ops/pico_int64_ops_aeabi.S.obj
 .debug_aranges
                0x00000ad8      0x130 CMakeFiles/blink.dir/C_/VSARM/sdk/pico/pico-sdk/src/rp2_common/pico_float/float_aeabi_rp2040.S.obj
 .debug_aranges
                0x00000c08       0x20 CMakeFiles/blink.dir/C_/VSARM/sdk/pico/pico-sdk/src/rp2_common/pico_float/float_init_rom_rp2040.c.obj
 .debug_aranges
                0x00000c28       0x50 CMakeFiles/blink.dir/C_/VSARM/sdk/pico/pico-sdk/src/rp2_common/pico_float/float_v1_rom_shim_rp2040.S.obj
 .debug_aranges
                0x00000c78       0x38 CMakeFiles/blink.dir/C_/VSARM/sdk/pico/pico-sdk/src/rp2_common/pico_mem_ops/mem_ops_aeabi.S.obj
 .debug_aranges
                0x00000cb0       0x18 CMakeFiles/blink.dir/C_/VSARM/sdk/pico/pico-sdk/src/rp2_common/pico_standard_binary_info/standard_binary_info.c.obj
 .debug_aranges
                0x00000cc8       0x90 CMakeFiles/blink.dir/C_/VSARM/sdk/pico/pico-sdk/src/rp2_common/pico_printf/printf.c.obj
 .debug_aranges
                0x00000d58       0x28 CMakeFiles/blink.dir/C_/VSARM/sdk/pico/pico-sdk/src/rp2_common/pico_crt0/crt0.S.obj
 .debug_aranges
                0x00000d80       0xa0 CMakeFiles/blink.dir/C_/VSARM/sdk/pico/pico-sdk/src/rp2_common/pico_clib_interface/newlib_interface.c.obj
 .debug_aranges
                0x00000e20       0xd0 CMakeFiles/blink.dir/C_/VSARM/sdk/pico/pico-sdk/src/rp2_common/pico_stdio/stdio.c.obj

.debug_ranges   0x00000000     0x2dc8
 .debug_ranges  0x00000000       0x58 CMakeFiles/blink.dir/main.c.obj
 .debug_ranges  0x00000058      0x178 CMakeFiles/blink.dir/C_/VSARM/sdk/pico/pico-sdk/src/rp2_common/hardware_gpio/gpio.c.obj
 .debug_ranges  0x000001d0       0x18 CMakeFiles/blink.dir/C_/VSARM/sdk/pico/pico-sdk/src/rp2_common/pico_platform_panic/panic.c.obj
 .debug_ranges  0x000001e8       0xd8 CMakeFiles/blink.dir/C_/VSARM/sdk/pico/pico-sdk/src/common/hardware_claim/claim.c.obj
 .debug_ranges  0x000002c0       0x68 CMakeFiles/blink.dir/C_/VSARM/sdk/pico/pico-sdk/src/rp2_common/hardware_sync/sync.c.obj
 .debug_ranges  0x00000328       0x90 CMakeFiles/blink.dir/C_/VSARM/sdk/pico/pico-sdk/src/rp2_common/hardware_sync_spin_lock/sync_spin_lock.c.obj
 .debug_ranges  0x000003b8      0x440 CMakeFiles/blink.dir/C_/VSARM/sdk/pico/pico-sdk/src/rp2_common/hardware_irq/irq.c.obj
 .debug_ranges  0x000007f8       0x10 CMakeFiles/blink.dir/C_/VSARM/sdk/pico/pico-sdk/src/common/pico_sync/lock_core.c.obj
 .debug_ranges  0x00000808      0xae0 CMakeFiles/blink.dir/C_/VSARM/sdk/pico/pico-sdk/src/common/pico_sync/mutex.c.obj
 .debug_ranges  0x000012e8      0xaa0 CMakeFiles/blink.dir/C_/VSARM/sdk/pico/pico-sdk/src/common/pico_time/time.c.obj
 .debug_ranges  0x00001d88      0x428 CMakeFiles/blink.dir/C_/VSARM/sdk/pico/pico-sdk/src/rp2_common/hardware_timer/timer.c.obj
 .debug_ranges  0x000021b0      0x170 CMakeFiles/blink.dir/C_/VSARM/sdk/pico/pico-sdk/src/rp2_common/hardware_clocks/clocks.c.obj
 .debug_ranges  0x00002320       0x48 CMakeFiles/blink.dir/C_/VSARM/sdk/pico/pico-sdk/src/rp2_common/hardware_pll/pll.c.obj
 .debug_ranges  0x00002368       0x20 CMakeFiles/blink.dir/C_/VSARM/sdk/pico/pico-sdk/src/rp2_common/hardware_ticks/ticks.c.obj
 .debug_ranges  0x00002388       0x20 CMakeFiles/blink.dir/C_/VSARM/sdk/pico/pico-sdk/src/rp2_common/hardware_xosc/xosc.c.obj
 .debug_ranges  0x000023a8       0x30 CMakeFiles/blink.dir/C_/VSARM/sdk/pico/pico-sdk/src/rp2_common/pico_runtime/runtime.c.obj
 .debug_ranges  0x000023d8       0x88 CMakeFiles/blink.dir/C_/VSARM/sdk/pico/pico-sdk/src/rp2_common/pico_runtime_init/runtime_init.c.obj
 .debug_ranges  0x00002460       0x30 CMakeFiles/blink.dir/C_/VSARM/sdk/pico/pico-sdk/src/rp2_common/pico_runtime_init/runtime_init_clocks.c.obj
 .debug_ranges  0x00002490       0x58 CMakeFiles/blink.dir/C_/VSARM/sdk/pico/pico-sdk/src/rp2_common/pico_bit_ops/bit_ops_aeabi.S.obj
 .debug_ranges  0x000024e8       0x40 CMakeFiles/blink.dir/C_/VSARM/sdk/pico/pico-sdk/src/rp2_common/pico_bootrom/bootrom.c.obj
 .debug_ranges  0x00002528       0x38 CMakeFiles/blink.dir/C_/VSARM/sdk/pico/pico-sdk/src/rp2_common/pico_divider/divider_hardware.S.obj
 .debug_ranges  0x00002560      0x138 CMakeFiles/blink.dir/C_/VSARM/sdk/pico/pico-sdk/src/rp2_common/pico_double/double_aeabi_rp2040.S.obj
 .debug_ranges  0x00002698       0x30 CMakeFiles/blink.dir/C_/VSARM/sdk/pico/pico-sdk/src/rp2_common/pico_double/double_init_rom_rp2040.c.obj
 .debug_ranges  0x000026c8       0xc0 CMakeFiles/blink.dir/C_/VSARM/sdk/pico/pico-sdk/src/rp2_common/pico_double/double_v1_rom_shim_rp2040.S.obj
 .debug_ranges  0x00002788      0x128 CMakeFiles/blink.dir/C_/VSARM/sdk/pico/pico-sdk/src/rp2_common/pico_float/float_aeabi_rp2040.S.obj
 .debug_ranges  0x000028b0       0x28 CMakeFiles/blink.dir/C_/VSARM/sdk/pico/pico-sdk/src/rp2_common/pico_float/float_init_rom_rp2040.c.obj
 .debug_ranges  0x000028d8       0x48 CMakeFiles/blink.dir/C_/VSARM/sdk/pico/pico-sdk/src/rp2_common/pico_float/float_v1_rom_shim_rp2040.S.obj
 .debug_ranges  0x00002920       0x30 CMakeFiles/blink.dir/C_/VSARM/sdk/pico/pico-sdk/src/rp2_common/pico_mem_ops/mem_ops_aeabi.S.obj
 .debug_ranges  0x00002950      0x108 CMakeFiles/blink.dir/C_/VSARM/sdk/pico/pico-sdk/src/rp2_common/pico_printf/printf.c.obj
 .debug_ranges  0x00002a58       0x20 CMakeFiles/blink.dir/C_/VSARM/sdk/pico/pico-sdk/src/rp2_common/pico_crt0/crt0.S.obj
 .debug_ranges  0x00002a78      0x118 CMakeFiles/blink.dir/C_/VSARM/sdk/pico/pico-sdk/src/rp2_common/pico_clib_interface/newlib_interface.c.obj
 .debug_ranges  0x00002b90      0x238 CMakeFiles/blink.dir/C_/VSARM/sdk/pico/pico-sdk/src/rp2_common/pico_stdio/stdio.c.obj

.debug_line     0x00000000     0xdfbd
 .debug_line    0x00000000      0x56f CMakeFiles/blink.dir/main.c.obj
 .debug_line    0x0000056f      0xee2 CMakeFiles/blink.dir/C_/VSARM/sdk/pico/pico-sdk/src/rp2_common/hardware_gpio/gpio.c.obj
 .debug_line    0x00001451      0x1d7 CMakeFiles/blink.dir/C_/VSARM/sdk/pico/pico-sdk/src/rp2_common/pico_platform_panic/panic.c.obj
 .debug_line    0x00001628      0x5dc CMakeFiles/blink.dir/C_/VSARM/sdk/pico/pico-sdk/src/common/hardware_claim/claim.c.obj
 .debug_line    0x00001c04      0x3ed CMakeFiles/blink.dir/C_/VSARM/sdk/pico/pico-sdk/src/rp2_common/hardware_sync/sync.c.obj
 .debug_line    0x00001ff1      0x393 CMakeFiles/blink.dir/C_/VSARM/sdk/pico/pico-sdk/src/rp2_common/hardware_sync_spin_lock/sync_spin_lock.c.obj
 .debug_line    0x00002384     0x11ba CMakeFiles/blink.dir/C_/VSARM/sdk/pico/pico-sdk/src/rp2_common/hardware_irq/irq.c.obj
 .debug_line    0x0000353e      0x27b CMakeFiles/blink.dir/C_/VSARM/sdk/pico/pico-sdk/src/common/pico_sync/lock_core.c.obj
 .debug_line    0x000037b9     0x11f5 CMakeFiles/blink.dir/C_/VSARM/sdk/pico/pico-sdk/src/common/pico_sync/mutex.c.obj
 .debug_line    0x000049ae     0x1c31 CMakeFiles/blink.dir/C_/VSARM/sdk/pico/pico-sdk/src/common/pico_time/time.c.obj
 .debug_line    0x000065df      0xedc CMakeFiles/blink.dir/C_/VSARM/sdk/pico/pico-sdk/src/rp2_common/hardware_timer/timer.c.obj
 .debug_line    0x000074bb      0xb96 CMakeFiles/blink.dir/C_/VSARM/sdk/pico/pico-sdk/src/rp2_common/hardware_clocks/clocks.c.obj
 .debug_line    0x00008051      0x533 CMakeFiles/blink.dir/C_/VSARM/sdk/pico/pico-sdk/src/rp2_common/hardware_pll/pll.c.obj
 .debug_line    0x00008584      0x2bf CMakeFiles/blink.dir/C_/VSARM/sdk/pico/pico-sdk/src/rp2_common/hardware_ticks/ticks.c.obj
 .debug_line    0x00008843      0x2f8 CMakeFiles/blink.dir/C_/VSARM/sdk/pico/pico-sdk/src/rp2_common/hardware_xosc/xosc.c.obj
 .debug_line    0x00008b3b      0x25d CMakeFiles/blink.dir/C_/VSARM/sdk/pico/pico-sdk/src/rp2_common/pico_runtime/runtime.c.obj
 .debug_line    0x00008d98      0x4b3 CMakeFiles/blink.dir/C_/VSARM/sdk/pico/pico-sdk/src/rp2_common/pico_runtime_init/runtime_init.c.obj
 .debug_line    0x0000924b      0x4e7 CMakeFiles/blink.dir/C_/VSARM/sdk/pico/pico-sdk/src/rp2_common/pico_runtime_init/runtime_init_clocks.c.obj
 .debug_line    0x00009732      0x134 CMakeFiles/blink.dir/C_/VSARM/sdk/pico/pico-sdk/src/rp2_common/pico_bit_ops/bit_ops_aeabi.S.obj
 .debug_line    0x00009866      0x23b CMakeFiles/blink.dir/C_/VSARM/sdk/pico/pico-sdk/src/rp2_common/pico_bootrom/bootrom.c.obj
 .debug_line    0x00009aa1      0x2d9 CMakeFiles/blink.dir/C_/VSARM/sdk/pico/pico-sdk/src/rp2_common/pico_divider/divider_hardware.S.obj
 .debug_line    0x00009d7a      0x42a CMakeFiles/blink.dir/C_/VSARM/sdk/pico/pico-sdk/src/rp2_common/pico_double/double_aeabi_rp2040.S.obj
 .debug_line    0x0000a1a4      0x39f CMakeFiles/blink.dir/C_/VSARM/sdk/pico/pico-sdk/src/rp2_common/pico_double/double_init_rom_rp2040.c.obj